Component: ARM Compiler 5.06 update 7 (build 960) Tool: armlink [4d3601]

==============================================================================

Section Cross References

    startup_stm32f446xx.o(STACK) refers (Special) to heapauxi.o(.text) for __use_two_region_memory
    startup_stm32f446xx.o(HEAP) refers (Special) to heapauxi.o(.text) for __use_two_region_memory
    startup_stm32f446xx.o(RESET) refers (Special) to heapauxi.o(.text) for __use_two_region_memory
    startup_stm32f446xx.o(RESET) refers to startup_stm32f446xx.o(STACK) for __initial_sp
    startup_stm32f446xx.o(RESET) refers to startup_stm32f446xx.o(.text) for Reset_Handler
    startup_stm32f446xx.o(RESET) refers to stm32f4xx_it.o(i.NMI_Handler) for NMI_Handler
    startup_stm32f446xx.o(RESET) refers to stm32f4xx_it.o(i.HardFault_Handler) for HardFault_Handler
    startup_stm32f446xx.o(RESET) refers to stm32f4xx_it.o(i.MemManage_Handler) for MemManage_Handler
    startup_stm32f446xx.o(RESET) refers to stm32f4xx_it.o(i.BusFault_Handler) for BusFault_Handler
    startup_stm32f446xx.o(RESET) refers to stm32f4xx_it.o(i.UsageFault_Handler) for UsageFault_Handler
    startup_stm32f446xx.o(RESET) refers to stm32f4xx_it.o(i.SVC_Handler) for SVC_Handler
    startup_stm32f446xx.o(RESET) refers to stm32f4xx_it.o(i.DebugMon_Handler) for DebugMon_Handler
    startup_stm32f446xx.o(RESET) refers to stm32f4xx_it.o(i.PendSV_Handler) for PendSV_Handler
    startup_stm32f446xx.o(RESET) refers to stm32f4xx_it.o(i.SysTick_Handler) for SysTick_Handler
    startup_stm32f446xx.o(RESET) refers to stm32f4xx_it.o(i.USART1_IRQHandler) for USART1_IRQHandler
    startup_stm32f446xx.o(RESET) refers to stm32f4xx_it.o(i.DMA2_Stream1_IRQHandler) for DMA2_Stream1_IRQHandler
    startup_stm32f446xx.o(RESET) refers to stm32f4xx_it.o(i.DMA2_Stream2_IRQHandler) for DMA2_Stream2_IRQHandler
    startup_stm32f446xx.o(RESET) refers to stm32f4xx_it.o(i.DMA2_Stream6_IRQHandler) for DMA2_Stream6_IRQHandler
    startup_stm32f446xx.o(RESET) refers to stm32f4xx_it.o(i.DMA2_Stream7_IRQHandler) for DMA2_Stream7_IRQHandler
    startup_stm32f446xx.o(.text) refers (Special) to heapauxi.o(.text) for __use_two_region_memory
    startup_stm32f446xx.o(.text) refers to system_stm32f4xx.o(i.SystemInit) for SystemInit
    startup_stm32f446xx.o(.text) refers to __main.o(!!!main) for __main
    startup_stm32f446xx.o(.text) refers to startup_stm32f446xx.o(HEAP) for Heap_Mem
    startup_stm32f446xx.o(.text) refers to startup_stm32f446xx.o(STACK) for Stack_Mem
    main.o(i.Calculate_Angles) refers to stm32f4xx_hal.o(i.HAL_GetTick) for HAL_GetTick
    main.o(i.Calculate_Angles) refers to sqrtf.o(i.__hardfp_sqrtf) for __hardfp_sqrtf
    main.o(i.Calculate_Angles) refers to atan2f.o(i.__hardfp_atan2f) for __hardfp_atan2f
    main.o(i.Calculate_Angles) refers to f2d.o(x$fpl$f2d) for __aeabi_f2d
    main.o(i.Calculate_Angles) refers to ddiv.o(x$fpl$ddiv) for __aeabi_ddiv
    main.o(i.Calculate_Angles) refers to d2f.o(x$fpl$d2f) for __aeabi_d2f
    main.o(i.Calculate_Angles) refers to fmodf.o(i.__hardfp_fmodf) for __hardfp_fmodf
    main.o(i.Calculate_Angles) refers to main.o(.data) for .data
    main.o(i.ControlMotor) refers to tim.o(.bss) for htim3
    main.o(i.ControlMotor) refers to main.o(.data) for .data
    main.o(i.HAL_UART_RxCpltCallback) refers to _printf_percent.o(.ARM.Collect$$_printf_percent$$00000000) for _printf_percent
    main.o(i.HAL_UART_RxCpltCallback) refers to _printf_f.o(.ARM.Collect$$_printf_percent$$00000003) for _printf_f
    main.o(i.HAL_UART_RxCpltCallback) refers to printf1.o(x$fpl$printf1) for _printf_fp_dec
    main.o(i.HAL_UART_RxCpltCallback) refers to safety.o(i.Safety_FeedWatchdog) for Safety_FeedWatchdog
    main.o(i.HAL_UART_RxCpltCallback) refers to comm_protocol.o(i.Comm_ProcessByte) for Comm_ProcessByte
    main.o(i.HAL_UART_RxCpltCallback) refers to f2d.o(x$fpl$f2d) for __aeabi_f2d
    main.o(i.HAL_UART_RxCpltCallback) refers to ddiv.o(x$fpl$ddiv) for __aeabi_ddiv
    main.o(i.HAL_UART_RxCpltCallback) refers to d2f.o(x$fpl$d2f) for __aeabi_d2f
    main.o(i.HAL_UART_RxCpltCallback) refers to pose_controller.o(i.PoseController_SetTarget) for PoseController_SetTarget
    main.o(i.HAL_UART_RxCpltCallback) refers to pose_controller.o(i.PoseController_Enable) for PoseController_Enable
    main.o(i.HAL_UART_RxCpltCallback) refers to comm_protocol.o(i.Comm_SendAck) for Comm_SendAck
    main.o(i.HAL_UART_RxCpltCallback) refers to odometry.o(i.Odometry_SetPose) for Odometry_SetPose
    main.o(i.HAL_UART_RxCpltCallback) refers to __2snprintf.o(.text) for __2snprintf
    main.o(i.HAL_UART_RxCpltCallback) refers to strlen.o(.text) for strlen
    main.o(i.HAL_UART_RxCpltCallback) refers to stm32f4xx_hal_uart.o(i.HAL_UART_Transmit) for HAL_UART_Transmit
    main.o(i.HAL_UART_RxCpltCallback) refers to main.o(i.ControlMotor) for ControlMotor
    main.o(i.HAL_UART_RxCpltCallback) refers to stm32f4xx_hal_uart.o(i.HAL_UART_Receive_IT) for HAL_UART_Receive_IT
[...]
    .bss                                     0x20001c10   Section      528  usart.o(.bss)
    .bss                                     0x20001e20   Section       16  odometry.o(.bss)
    g_odom_config                            0x20001e20   Data          16  odometry.o(.bss)
    .bss                                     0x20001e30   Section       40  pose_controller.o(.bss)
    g_config                                 0x20001e30   Data          40  pose_controller.o(.bss)
    .bss                                     0x20001e58   Section       20  safety.o(.bss)
    g_safety_config                          0x20001e58   Data          20  safety.o(.bss)
    .bss                                     0x20001e6c   Section       96  libspace.o(.bss)
    HEAP                                     0x20001ed0   Section      512  startup_stm32f446xx.o(HEAP)
    Heap_Mem                                 0x20001ed0   Data         512  startup_stm32f446xx.o(HEAP)
    STACK                                    0x200020d0   Section     1024  startup_stm32f446xx.o(STACK)
    Stack_Mem                                0x200020d0   Data        1024  startup_stm32f446xx.o(STACK)
    __initial_sp                             0x200024d0   Data           0  startup_stm32f446xx.o(STACK)

    Global Symbols

    Symbol Name                              Value     Ov Type        Size  Object(Section)

    BuildAttributes$$THM_ISAv4$E$P$D$K$B$S$7EM$VFPi3$EXTD16$VFPS$VFMA$PE$A:L22UL41UL21$X:L11$S22US41US21$IEEE1$IW$USESV6$~STKCKD$USESV7$~SHL$OTIME$ROPI$IEEEX$EBA8$UX$STANDARDLIB$REQ8$PRES8$EABIv2 0x00000000   Number         0  anon$$obj.o ABSOLUTE
    __ARM_use_no_argv                        0x00000000   Number         0  main.o ABSOLUTE
    _printf_flags                            0x00000000   Number         0  printf_stubs.o ABSOLUTE
    _printf_return_value                     0x00000000   Number         0  printf_stubs.o ABSOLUTE
    _printf_sizespec                         0x00000000   Number         0  printf_stubs.o ABSOLUTE
    _printf_widthprec                        0x00000000   Number         0  printf_stubs.o ABSOLUTE
    __ARM_exceptions_init                     - Undefined Weak Reference
    __alloca_initialize                       - Undefined Weak Reference
    __arm_fini_                               - Undefined Weak Reference
    __arm_preinit_                            - Undefined Weak Reference
    __cpp_initialize__aeabi_                  - Undefined Weak Reference
    __cxa_finalize                            - Undefined Weak Reference
    __sigvec_lookup                           - Undefined Weak Reference
    _atexit_init                              - Undefined Weak Reference
    _call_atexit_fns                          - Undefined Weak Reference
    _clock_init                               - Undefined Weak Reference
    _fp_trap_init                             - Undefined Weak Reference
    _fp_trap_shutdown                         - Undefined Weak Reference
    _get_lc_collate                           - Undefined Weak Reference
    _get_lc_ctype                             - Undefined Weak Reference
    _get_lc_monetary                          - Undefined Weak Reference
    _get_lc_time                              - Undefined Weak Reference
    _getenv_init                              - Undefined Weak Reference
    _handle_redirection                       - Undefined Weak Reference
    _init_alloc                               - Undefined Weak Reference
    _init_user_alloc                          - Undefined Weak Reference
    _initio                                   - Undefined Weak Reference
    _printf_truncate_signed                   - Undefined Weak Reference
    _printf_truncate_unsigned                 - Undefined Weak Reference
    _rand_init                                - Undefined Weak Reference
    _signal_finish                            - Undefined Weak Reference
    _signal_init                              - Undefined Weak Reference
    _terminate_alloc                          - Undefined Weak Reference
    _terminate_user_alloc                     - Undefined Weak Reference
    _terminateio                              - Undefined Weak Reference
    __Vectors_Size                           0x000001c4   Number         0  startup_stm32f446xx.o ABSOLUTE
    __Vectors                                0x08000000   Data           4  startup_stm32f446xx.o(RESET)
    __Vectors_End                            0x080001c4   Data           0  startup_stm32f446xx.o(RESET)
    __main                                   0x080001c5   Thumb Code     8  __main.o(!!!main)
    __scatterload                            0x080001cd   Thumb Code     0  __scatter.o(!!!scatter)
    __scatterload_rt2                        0x080001cd   Thumb Code    44  __scatter.o(!!!scatter)
    __scatterload_rt2_thumb_only             0x080001cd   Thumb Code     0  __scatter.o(!!!scatter)
    __scatterload_null                       0x080001db   Thumb Code     0  __scatter.o(!!!scatter)
    __decompress                             0x08000201   Thumb Code    90  __dczerorl2.o(!!dczerorl2)
    __decompress1                            0x08000201   Thumb Code     0  __dczerorl2.o(!!dczerorl2)
    __scatterload_zeroinit                   0x0800025d   Thumb Code    28  __scatter_zi.o(!!handler_zi)
    _printf_f                                0x08000279   Thumb Code     0  _printf_f.o(.ARM.Collect$$_printf_percent$$00000003)
    _printf_percent                          0x08000279   Thumb Code     0  _printf_percent.o(.ARM.Collect$$_printf_percent$$00000000)
    _printf_d                                0x0800027f   Thumb Code     0  _printf_d.o(.ARM.Collect$$_printf_percent$$00000009)
    _printf_u                                0x08000285   Thumb Code     0  _printf_u.o(.ARM.Collect$$_printf_percent$$0000000A)
    _printf_x                                0x0800028b   Thumb Code     0  _printf_x.o(.ARM.Collect$$_printf_percent$$0000000C)
    _printf_percent_end                      0x08000291   Thumb Code     0  _printf_percent_end.o(.ARM.Collect$$_printf_percent$$00000017)
    __rt_lib_init                            0x08000295   Thumb Code     0  libinit.o(.ARM.Collect$$libinit$$00000000)
    __rt_lib_init_fp_1                       0x08000297   Thumb Code     0  libinit2.o(.ARM.Collect$$libinit$$00000001)
    __rt_lib_init_heap_1                     0x0800029b   Thumb Code     0  libinit2.o(.ARM.Collect$$libinit$$0000000A)
    __rt_lib_init_lc_common                  0x0800029b   Thumb Code     0  libinit2.o(.ARM.Collect$$libinit$$0000000F)
    __rt_lib_init_preinit_1                  0x0800029b   Thumb Code     0  libinit2.o(.ARM.Collect$$libinit$$00000004)
    __rt_lib_init_rand_1                     0x0800029b   Thumb Code     0  libinit2.o(.ARM.Collect$$libinit$$0000000E)
    __rt_lib_init_user_alloc_1               0x0800029b   Thumb Code     0  libinit2.o(.ARM.Collect$$libinit$$0000000C)
    __rt_lib_init_lc_collate_1               0x080002a1   Thumb Code     0  libinit2.o(.ARM.Collect$$libinit$$00000011)
    __rt_lib_init_lc_ctype_1                 0x080002a1   Thumb Code     0  libinit2.o(.ARM.Collect$$libinit$$00000013)
    __rt_lib_init_lc_monetary_1              0x080002a1   Thumb Code     0  libinit2.o(.ARM.Collect$$libinit$$00000015)
    __rt_lib_init_lc_numeric_2               0x080002a1   Thumb Code     0  libinit2.o(.ARM.Collect$$libinit$$00000016)
    __rt_lib_init_alloca_1                   0x080002ab   Thumb Code     0  libinit2.o(.ARM.Collect$$libinit$$0000002E)
    __rt_lib_init_argv_1                     0x080002ab   Thumb Code     0  libinit2.o(.ARM.Collect$$libinit$$0000002C)
    __rt_lib_init_atexit_1                   0x080002ab   Thumb Code     0  libinit2.o(.ARM.Collect$$libinit$$0000001B)
    __rt_lib_init_clock_1                    0x080002ab   Thumb Code     0  libinit2.o(.ARM.Collect$$libinit$$00000021)
    __rt_lib_init_cpp_1                      0x080002ab   Thumb Code     0  libinit2.o(.ARM.Collect$$libinit$$00000032)
    __rt_lib_init_exceptions_1               0x080002ab   Thumb Code     0  libinit2.o(.ARM.Collect$$libinit$$00000030)
    __rt_lib_init_fp_trap_1                  0x080002ab   Thumb Code     0  libinit2.o(.ARM.Collect$$libinit$$0000001F)
    __rt_lib_init_getenv_1                   0x080002ab   Thumb Code     0  libinit2.o(.ARM.Collect$$libinit$$00000023)
    __rt_lib_init_lc_numeric_1               0x080002ab   Thumb Code     0  libinit2.o(.ARM.Collect$$libinit$$00000017)
    __rt_lib_init_lc_time_1                  0x080002ab   Thumb Code     0  libinit2.o(.ARM.Collect$$libinit$$00000019)
    __rt_lib_init_return                     0x080002ab   Thumb Code     0  libinit2.o(.ARM.Collect$$libinit$$00000033)
    __rt_lib_init_signal_1                   0x080002ab   Thumb Code     0  libinit2.o(.ARM.Collect$$libinit$$0000001D)
    __rt_lib_init_stdio_1                    0x080002ab   Thumb Code     0  libinit2.o(.ARM.Collect$$libinit$$00000025)
    __rt_lib_shutdown                        0x080002ad   Thumb Code     0  libshutdown.o(.ARM.Collect$$libshutdown$$00000000)
    __rt_lib_shutdown_cpp_1                  0x080002af   Thumb Code     0  libshutdown2.o(.ARM.Collect$$libshutdown$$00000004)
    __rt_lib_shutdown_fini_1                 0x080002af   Thumb Code     0  libshutdown2.o(.ARM.Collect$$libshutdown$$00000002)
    __rt_lib_shutdown_fp_trap_1              0x080002af   Thumb Code     0  libshutdown2.o(.ARM.Collect$$libshutdown$$00000009)
    __rt_lib_shutdown_heap_1                 0x080002af   Thumb Code     0  libshutdown2.o(.ARM.Collect$$libshutdown$$00000011)
    __rt_lib_shutdown_return                 0x080002af   Thumb Code     0  libshutdown2.o(.ARM.Collect$$libshutdown$$00000012)
    __rt_lib_shutdown_signal_1               0x080002af   Thumb Code     0  libshutdown2.o(.ARM.Collect$$libshutdown$$0000000C)
    __rt_lib_shutdown_stdio_1                0x080002af   Thumb Code     0  libshutdown2.o(.ARM.Collect$$libshutdown$$00000006)
    __rt_lib_shutdown_user_alloc_1           0x080002af   Thumb Code     0  libshutdown2.o(.ARM.Collect$$libshutdown$$0000000E)
    __rt_entry                               0x080002b1   Thumb Code     0  __rtentry.o(.ARM.Collect$$rtentry$$00000000)
    __rt_entry_presh_1                       0x080002b1   Thumb Code     0  __rtentry2.o(.ARM.Collect$$rtentry$$00000002)
    __rt_entry_sh                            0x080002b1   Thumb Code     0  __rtentry4.o(.ARM.Collect$$rtentry$$00000004)
    __rt_entry_li                            0x080002b7   Thumb Code     0  __rtentry2.o(.ARM.Collect$$rtentry$$0000000A)
    __rt_entry_postsh_1                      0x080002b7   Thumb Code     0  __rtentry2.o(.ARM.Collect$$rtentry$$00000009)
    __rt_entry_main                          0x080002bb   Thumb Code     0  __rtentry2.o(.ARM.Collect$$rtentry$$0000000D)
    __rt_entry_postli_1                      0x080002bb   Thumb Code     0  __rtentry2.o(.ARM.Collect$$rtentry$$0000000C)
    __rt_exit                                0x080002c3   Thumb Code     0  rtexit.o(.ARM.Collect$$rtexit$$00000000)
    __rt_exit_ls                             0x080002c5   Thumb Code     0  rtexit2.o(.ARM.Collect$$rtexit$$00000003)
    __rt_exit_prels_1                        0x080002c5   Thumb Code     0  rtexit2.o(.ARM.Collect$$rtexit$$00000002)
    __rt_exit_exit                           0x080002c9   Thumb Code     0  rtexit2.o(.ARM.Collect$$rtexit$$00000004)
    Reset_Handler                            0x080002d1   Thumb Code     8  startup_stm32f446xx.o(.text)
    ADC_IRQHandler                           0x080002eb   Thumb Code     0  startup_stm32f446xx.o(.text)
    CAN1_RX0_IRQHandler                      0x080002eb   Thumb Code     0  startup_stm32f446xx.o(.text)
    CAN1_RX1_IRQHandler                      0x080002eb   Thumb Code     0  startup_stm32f446xx.o(.text)
    CAN1_SCE_IRQHandler                      0x080002eb   Thumb Code     0  startup_stm32f446xx.o(.text)
    CAN1_TX_IRQHandler                       0x080002eb   Thumb Code     0  startup_stm32f446xx.o(.text)
    CAN2_RX0_IRQHandler                      0x080002eb   Thumb Code     0  startup_stm32f446xx.o(.text)
    CAN2_RX1_IRQHandler                      0x080002eb   Thumb Code     0  startup_stm32f446xx.o(.text)
    CAN2_SCE_IRQHandler                      0x080002eb   Thumb Code     0  startup_stm32f446xx.o(.text)
    CAN2_TX_IRQHandler                       0x080002eb   Thumb Code     0  startup_stm32f446xx.o(.text)
    CEC_IRQHandler                           0x080002eb   Thumb Code     0  startup_stm32f446xx.o(.text)
    DCMI_IRQHandler                          0x080002eb   Thumb Code     0  startup_stm32f446xx.o(.text)
    DMA1_Stream0_IRQHandler                  0x080002eb   Thumb Code     0  startup_stm32f446xx.o(.text)
    DMA1_Stream1_IRQHandler                  0x080002eb   Thumb Code     0  startup_stm32f446xx.o(.text)
    DMA1_Stream2_IRQHandler                  0x080002eb   Thumb Code     0  startup_stm32f446xx.o(.text)
    DMA1_Stream3_IRQHandler                  0x080002eb   Thumb Code     0  startup_stm32f446xx.o(.text)
    DMA1_Stream4_IRQHandler                  0x080002eb   Thumb Code     0  startup_stm32f446xx.o(.text)
    DMA1_Stream5_IRQHandler                  0x080002eb   Thumb Code     0  startup_stm32f446xx.o(.text)
    DMA1_Stream6_IRQHandler                  0x080002eb   Thumb Code     0  startup_stm32f446xx.o(.text)
    DMA1_Stream7_IRQHandler                  0x080002eb   Thumb Code     0  startup_stm32f446xx.o(.text)
    DMA2_Stream0_IRQHandler                  0x080002eb   Thumb Code     0  startup_stm32f446xx.o(.text)
    DMA2_Stream3_IRQHandler                  0x080002eb   Thumb Code     0  startup_stm32f446xx.o(.text)
    DMA2_Stream4_IRQHandler                  0x080002eb   Thumb Code     0  startup_stm32f446xx.o(.text)
    DMA2_Stream5_IRQHandler                  0x080002eb   Thumb Code     0  startup_stm32f446xx.o(.text)
    EXTI0_IRQHandler                         0x080002eb   Thumb Code     0  startup_stm32f446xx.o(.text)
    EXTI15_10_IRQHandler                     0x080002eb   Thumb Code     0  startup_stm32f446xx.o(.text)
    EXTI1_IRQHandler                         0x080002eb   Thumb Code     0  startup_stm32f446xx.o(.text)
    EXTI2_IRQHandler                         0x080002eb   Thumb Code     0  startup_stm32f446xx.o(.text)
    EXTI3_IRQHandler                         0x080002eb   Thumb Code     0  startup_stm32f446xx.o(.text)
    EXTI4_IRQHandler                         0x080002eb   Thumb Code     0  startup_stm32f446xx.o(.text)
    EXTI9_5_IRQHandler                       0x080002eb   Thumb Code     0  startup_stm32f446xx.o(.text)
    FLASH_IRQHandler                         0x080002eb   Thumb Code     0  startup_stm32f446xx.o(.text)
    FMC_IRQHandler                           0x080002eb   Thumb Code     0  startup_stm32f446xx.o(.text)
    FMPI2C1_ER_IRQHandler                    0x080002eb   Thumb Code     0  startup_stm32f446xx.o(.text)
    FMPI2C1_EV_IRQHandler                    0x080002eb   Thumb Code     0  startup_stm32f446xx.o(.text)
    FPU_IRQHandler                           0x080002eb   Thumb Code     0  startup_stm32f446xx.o(.text)
    I2C1_ER_IRQHandler                       0x080002eb   Thumb Code     0  startup_stm32f446xx.o(.text)
    I2C1_EV_IRQHandler                       0x080002eb   Thumb Code     0  startup_stm32f446xx.o(.text)
    I2C2_ER_IRQHandler                       0x080002eb   Thumb Code     0  startup_stm32f446xx.o(.text)
    I2C2_EV_IRQHandler                       0x080002eb   Thumb Code     0  startup_stm32f446xx.o(.text)
    I2C3_ER_IRQHandler                       0x080002eb   Thumb Code     0  startup_stm32f446xx.o(.text)
    I2C3_EV_IRQHandler                       0x080002eb   Thumb Code     0  startup_stm32f446xx.o(.text)
    OTG_FS_IRQHandler                        0x080002eb   Thumb Code     0  startup_stm32f446xx.o(.text)
    OTG_FS_WKUP_IRQHandler                   0x080002eb   Thumb Code     0  startup_stm32f446xx.o(.text)
    OTG_HS_EP1_IN_IRQHandler                 0x080002eb   Thumb Code     0  startup_stm32f446xx.o(.text)
    OTG_HS_EP1_OUT_IRQHandler                0x080002eb   Thumb Code     0  startup_stm32f446xx.o(.text)
    OTG_HS_IRQHandler                        0x080002eb   Thumb Code     0  startup_stm32f446xx.o(.text)
    OTG_HS_WKUP_IRQHandler                   0x080002eb   Thumb Code     0  startup_stm32f446xx.o(.text)
    PVD_IRQHandler                           0x080002eb   Thumb Code     0  startup_stm32f446xx.o(.text)
    QUADSPI_IRQHandler                       0x080002eb   Thumb Code     0  startup_stm32f446xx.o(.text)
    RCC_IRQHandler                           0x080002eb   Thumb Code     0  startup_stm32f446xx.o(.text)
    RTC_Alarm_IRQHandler                     0x080002eb   Thumb Code     0  startup_stm32f446xx.o(.text)
    RTC_WKUP_IRQHandler                      0x080002eb   Thumb Code     0  startup_stm32f446xx.o(.text)
    SAI1_IRQHandler                          0x080002eb   Thumb Code     0  startup_stm32f446xx.o(.text)
    SAI2_IRQHandler                          0x080002eb   Thumb Code     0  startup_stm32f446xx.o(.text)
    SDIO_IRQHandler                          0x080002eb   Thumb Code     0  startup_stm32f446xx.o(.text)
    SPDIF_RX_IRQHandler                      0x080002eb   Thumb Code     0  startup_stm32f446xx.o(.text)
    SPI1_IRQHandler                          0x080002eb   Thumb Code     0  startup_stm32f446xx.o(.text)
    SPI2_IRQHandler                          0x080002eb   Thumb Code     0  startup_stm32f446xx.o(.text)
    SPI3_IRQHandler                          0x080002eb   Thumb Code     0  startup_stm32f446xx.o(.text)
    SPI4_IRQHandler                          0x080002eb   Thumb Code     0  startup_stm32f446xx.o(.text)
    TAMP_STAMP_IRQHandler                    0x080002eb   Thumb Code     0  startup_stm32f446xx.o(.text)
    TIM1_BRK_TIM9_IRQHandler                 0x080002eb   Thumb Code     0  startup_stm32f446xx.o(.text)
    TIM1_CC_IRQHandler                       0x080002eb   Thumb Code     0  startup_stm32f446xx.o(.text)
    TIM1_TRG_COM_TIM11_IRQHandler            0x080002eb   Thumb Code     0  startup_stm32f446xx.o(.text)
    TIM1_UP_TIM10_IRQHandler                 0x080002eb   Thumb Code     0  startup_stm32f446xx.o(.text)
    TIM2_IRQHandler                          0x080002eb   Thumb Code     0  startup_stm32f446xx.o(.text)
    TIM3_IRQHandler                          0x080002eb   Thumb Code     0  startup_stm32f446xx.o(.text)
    TIM4_IRQHandler                          0x080002eb   Thumb Code     0  startup_stm32f446xx.o(.text)
    TIM5_IRQHandler                          0x080002eb   Thumb Code     0  startup_stm32f446xx.o(.text)
    TIM6_DAC_IRQHandler                      0x080002eb   Thumb Code     0  startup_stm32f446xx.o(.text)
    TIM7_IRQHandler                          0x080002eb   Thumb Code     0  startup_stm32f446xx.o(.text)
    TIM8_BRK_TIM12_IRQHandler                0x080002eb   Thumb Code     0  startup_stm32f446xx.o(.text)
    TIM8_CC_IRQHandler                       0x080002eb   Thumb Code     0  startup_stm32f446xx.o(.text)
    TIM8_TRG_COM_TIM14_IRQHandler            0x080002eb   Thumb Code     0  startup_stm32f446xx.o(.text)
    TIM8_UP_TIM13_IRQHandler                 0x080002eb   Thumb Code     0  startup_stm32f446xx.o(.text)
    UART4_IRQHandler                         0x080002eb   Thumb Code     0  startup_stm32f446xx.o(.text)
    UART5_IRQHandler                         0x080002eb   Thumb Code     0  startup_stm32f446xx.o(.text)
    USART2_IRQHandler                        0x080002eb   Thumb Code     0  startup_stm32f446xx.o(.text)
    USART3_IRQHandler                        0x080002eb   Thumb Code     0  startup_stm32f446xx.o(.text)
    USART6_IRQHandler                        0x080002eb   Thumb Code     0  startup_stm32f446xx.o(.text)
    WWDG_IRQHandler                          0x080002eb   Thumb Code     0  startup_stm32f446xx.o(.text)
    __user_initial_stackheap                 0x080002ed   Thumb Code     0  startup_stm32f446xx.o(.text)
    __aeabi_uldivmod                         0x08000311   Thumb Code     0  lludivv7m.o(.text)
    _ll_udiv                                 0x08000311   Thumb Code   238  lludivv7m.o(.text)
    __2snprintf                              0x08000401   Thumb Code    50  __2snprintf.o(.text)
    _printf_pre_padding                      0x08000439   Thumb Code    44  _printf_pad.o(.text)
    _printf_post_padding                     0x08000465   Thumb Code    34  _printf_pad.o(.text)
    _printf_int_dec                          0x08000489   Thumb Code   104  _printf_dec.o(.text)
    _printf_int_hex                          0x08000501   Thumb Code    84  _printf_hex_int.o(.text)
    _printf_longlong_hex                     0x08000501   Thumb Code     0  _printf_hex_int.o(.text)
    __printf                                 0x08000559   Thumb Code   388  __printf_flags_ss_wp.o(.text)
    strlen                                   0x080006e1   Thumb Code    62  strlen.o(.text)
    __aeabi_memcpy                           0x0800071f   Thumb Code     0  rt_memcpy_v6.o(.text)
    __rt_memcpy                              0x0800071f   Thumb Code   138  rt_memcpy_v6.o(.text)
    _memcpy_lastbytes                        0x08000785   Thumb Code     0  rt_memcpy_v6.o(.text)
    __aeabi_memcpy4                          0x080007a9   Thumb Code     0  rt_memcpy_w.o(.text)
    __aeabi_memcpy8                          0x080007a9   Thumb Code     0  rt_memcpy_w.o(.text)
    __rt_memcpy_w                            0x080007a9   Thumb Code   100  rt_memcpy_w.o(.text)
    _memcpy_lastbytes_aligned                0x080007f1   Thumb Code     0  rt_memcpy_w.o(.text)
    __aeabi_memclr4                          0x0800080d   Thumb Code     0  rt_memclr_w.o(.text)
    __aeabi_memclr8                          0x0800080d   Thumb Code     0  rt_memclr_w.o(.text)
    __rt_memclr_w                            0x0800080d   Thumb Code    78  rt_memclr_w.o(.text)
    _memset_w                                0x08000811   Thumb Code     0  rt_memclr_w.o(.text)
    __use_two_region_memory                  0x0800085b   Thumb Code     2  heapauxi.o(.text)
    __rt_heap_escrow$2region                 0x0800085d   Thumb Code     2  heapauxi.o(.text)
    __rt_heap_expand$2region                 0x0800085f   Thumb Code     2  heapauxi.o(.text)
    __read_errno                             0x08000861   Thumb Code    10  _rserrno.o(.text)
    __set_errno                              0x0800086b   Thumb Code    12  _rserrno.o(.text)
    _printf_int_common                       0x08000877   Thumb Code   178  _printf_intcommon.o(.text)
    __lib_sel_fp_printf                      0x08000929   Thumb Code     2  _printf_fp_dec.o(.text)
    _printf_fp_dec_real                      0x08000adb   Thumb Code   620  _printf_fp_dec.o(.text)
    _printf_char_common                      0x08000d53   Thumb Code    32  _printf_char_common.o(.text)
    _sputc                                   0x08000d79   Thumb Code    10  _sputc.o(.text)
    _snputc                                  0x08000d83   Thumb Code    16  _snputc.o(.text)
    __rt_locale                              0x08000d95   Thumb Code     8  rt_locale_intlibspace.o(.text)
    __aeabi_errno_addr                       0x08000d9d   Thumb Code     8  rt_errno_addr_intlibspace.o(.text)
    __errno$intlibspace                      0x08000d9d   Thumb Code     0  rt_errno_addr_intlibspace.o(.text)
    __rt_errno_addr$intlibspace              0x08000d9d   Thumb Code     0  rt_errno_addr_intlibspace.o(.text)
    _ll_udiv10                               0x08000da5   Thumb Code   138  lludiv10.o(.text)
    _printf_fp_infnan                        0x08000e31   Thumb Code   112  _printf_fp_infnan.o(.text)
    _btod_etento                             0x08000eb1   Thumb Code   224  bigflt0.o(.text)
    __user_libspace                          0x08000f95   Thumb Code     8  libspace.o(.text)
    __user_perproc_libspace                  0x08000f95   Thumb Code     0  libspace.o(.text)
    __user_perthread_libspace                0x08000f95   Thumb Code     0  libspace.o(.text)
    __user_setup_stackheap                   0x08000f9d   Thumb Code    74  sys_stackheap_outer.o(.text)
    exit                                     0x08000fe7   Thumb Code    18  exit.o(.text)
    strcmp                                   0x08000ff9   Thumb Code   128  strcmpv7m.o(.text)
    _sys_exit                                0x08001079   Thumb Code     8  sys_exit.o(.text)
    __I$use$semihosting                      0x08001085   Thumb Code     0  use_no_semi.o(.text)
    __use_no_semihosting_swi                 0x08001085   Thumb Code     2  use_no_semi.o(.text)
    __semihosting_library_function           0x08001087   Thumb Code     0  indicate_semi.o(.text)
    _btod_d2e                                0x08001087   Thumb Code    62  btod.o(CL$$btod_d2e)
    _d2e_denorm_low                          0x080010c5   Thumb Code    70  btod.o(CL$$btod_d2e_denorm_low)
    _d2e_norm_op1                            0x0800110b   Thumb Code    96  btod.o(CL$$btod_d2e_norm_op1)
    __btod_div_common                        0x0800116b   Thumb Code   696  btod.o(CL$$btod_div_common)
    _e2e                                     0x080014a3   Thumb Code   220  btod.o(CL$$btod_e2e)
    _btod_ediv                               0x0800157f   Thumb Code    42  btod.o(CL$$btod_ediv)
    _btod_emul                               0x080015a9   Thumb Code    42  btod.o(CL$$btod_emul)
    __btod_mult_common                       0x080015d3   Thumb Code   580  btod.o(CL$$btod_mult_common)
    BusFault_Handler                         0x08001941   Thumb Code     2  stm32f4xx_it.o(i.BusFault_Handler)
    CalculateAngleDifference                 0x08001945   Thumb Code    40  main.o(i.CalculateAngleDifference)
    Calculate_Angles                         0x08001979   Thumb Code   388  main.o(i.Calculate_Angles)
    Comm_BuildPacket                         0x08001b51   Thumb Code    64  comm_protocol.o(i.Comm_BuildPacket)
    Comm_CRC16                               0x08001b91   Thumb Code    60  comm_protocol.o(i.Comm_CRC16)
    Comm_InitRxBuffer                        0x08001bcd   Thumb Code    16  comm_protocol.o(i.Comm_InitRxBuffer)
    Comm_ProcessByte                         0x08001bdd   Thumb Code   244  comm_protocol.o(i.Comm_ProcessByte)
    Comm_SendAck                             0x08001cd1   Thumb Code    36  comm_protocol.o(i.Comm_SendAck)
    Comm_SendImuData                         0x08001cf5   Thumb Code    36  comm_protocol.o(i.Comm_SendImuData)
    Comm_SendOdometry                        0x08001d19   Thumb Code    36  comm_protocol.o(i.Comm_SendOdometry)
    ControlMotor                             0x08001d3d   Thumb Code   180  main.o(i.ControlMotor)
    DMA2_Stream1_IRQHandler                  0x08001df9   Thumb Code     6  stm32f4xx_it.o(i.DMA2_Stream1_IRQHandler)
    DMA2_Stream2_IRQHandler                  0x08001e05   Thumb Code     6  stm32f4xx_it.o(i.DMA2_Stream2_IRQHandler)
    DMA2_Stream6_IRQHandler                  0x08001e11   Thumb Code     6  stm32f4xx_it.o(i.DMA2_Stream6_IRQHandler)
    DMA2_Stream7_IRQHandler                  0x08001e1d   Thumb Code     6  stm32f4xx_it.o(i.DMA2_Stream7_IRQHandler)
    DebugMon_Handler                         0x08001ecd   Thumb Code     2  stm32f4xx_it.o(i.DebugMon_Handler)
    Error_Handler                            0x08001ecf   Thumb Code     4  main.o(i.Error_Handler)
    HAL_ADC_ConfigChannel                    0x08001ed5   Thumb Code   334  stm32f4xx_hal_adc.o(i.HAL_ADC_ConfigChannel)
    HAL_ADC_Init                             0x08002039   Thumb Code    84  stm32f4xx_hal_adc.o(i.HAL_ADC_Init)
    HAL_ADC_MspInit                          0x0800208d   Thumb Code    84  adc.o(i.HAL_ADC_MspInit)
    HAL_DMA_Abort                            0x080020ed   Thumb Code   146  stm32f4xx_hal_dma.o(i.HAL_DMA_Abort)
    HAL_DMA_Abort_IT                         0x0800217f   Thumb Code    36  stm32f4xx_hal_dma.o(i.HAL_DMA_Abort_IT)
    HAL_DMA_IRQHandler                       0x080021a5   Thumb Code   412  stm32f4xx_hal_dma.o(i.HAL_DMA_IRQHandler)
    HAL_DMA_Init                             0x08002345   Thumb Code   206  stm32f4xx_hal_dma.o(i.HAL_DMA_Init)
    HAL_DMA_Start_IT                         0x08002419   Thumb Code   110  stm32f4xx_hal_dma.o(i.HAL_DMA_Start_IT)
    HAL_Delay                                0x08002489   Thumb Code    32  stm32f4xx_hal.o(i.HAL_Delay)
    HAL_GPIO_Init                            0x080024ad   Thumb Code   436  stm32f4xx_hal_gpio.o(i.HAL_GPIO_Init)
    HAL_GPIO_WritePin                        0x08002689   Thumb Code    10  stm32f4xx_hal_gpio.o(i.HAL_GPIO_WritePin)
    HAL_GetTick                              0x08002695   Thumb Code     6  stm32f4xx_hal.o(i.HAL_GetTick)
    HAL_I2C_Init                             0x080026a1   Thumb Code   376  stm32f4xx_hal_i2c.o(i.HAL_I2C_Init)
    HAL_I2C_Mem_Read                         0x08002829   Thumb Code   502  stm32f4xx_hal_i2c.o(i.HAL_I2C_Mem_Read)
    HAL_I2C_Mem_Write                        0x08002a2d   Thumb Code   294  stm32f4xx_hal_i2c.o(i.HAL_I2C_Mem_Write)
    HAL_I2C_MspInit                          0x08002b5d   Thumb Code    94  i2c.o(i.HAL_I2C_MspInit)
    HAL_IncTick                              0x08002bc9   Thumb Code    12  stm32f4xx_hal.o(i.HAL_IncTick)
    HAL_Init                                 0x08002bd9   Thumb Code    48  stm32f4xx_hal.o(i.HAL_Init)
    HAL_InitTick                             0x08002c0d   Thumb Code    54  stm32f4xx_hal.o(i.HAL_InitTick)
    HAL_MspInit                              0x08002c4d   Thumb Code    48  stm32f4xx_hal_msp.o(i.HAL_MspInit)
    HAL_NVIC_EnableIRQ                       0x08002c81   Thumb Code    26  stm32f4xx_hal_cortex.o(i.HAL_NVIC_EnableIRQ)
    HAL_NVIC_SetPriority                     0x08002c9d   Thumb Code    60  stm32f4xx_hal_cortex.o(i.HAL_NVIC_SetPriority)
    HAL_NVIC_SetPriorityGrouping             0x08002cdd   Thumb Code    26  stm32f4xx_hal_cortex.o(i.HAL_NVIC_SetPriorityGrouping)
    HAL_PWREx_EnableOverDrive                0x08002d01   Thumb Code    98  stm32f4xx_hal_pwr_ex.o(i.HAL_PWREx_EnableOverDrive)
    HAL_RCC_ClockConfig                      0x08002d71   Thumb Code   288  stm32f4xx_hal_rcc.o(i.HAL_RCC_ClockConfig)
    HAL_RCC_GetPCLK1Freq                     0x08002ea5   Thumb Code    20  stm32f4xx_hal_rcc.o(i.HAL_RCC_GetPCLK1Freq)
    HAL_RCC_GetPCLK2Freq                     0x08002ec5   Thumb Code    20  stm32f4xx_hal_rcc.o(i.HAL_RCC_GetPCLK2Freq)
    HAL_RCC_GetSysClockFreq                  0x08002ee5   Thumb Code   140  stm32f4xx_hal_rcc_ex.o(i.HAL_RCC_GetSysClockFreq)
    HAL_RCC_OscConfig                        0x08002f79   Thumb Code   900  stm32f4xx_hal_rcc_ex.o(i.HAL_RCC_OscConfig)
    HAL_SYSTICK_Config                       0x08003311   Thumb Code    40  stm32f4xx_hal_cortex.o(i.HAL_SYSTICK_Config)
    HAL_TIMEx_MasterConfigSynchronization    0x08003339   Thumb Code   116  stm32f4xx_hal_tim_ex.o(i.HAL_TIMEx_MasterConfigSynchronization)
    HAL_TIM_Encoder_Init                     0x080033c9   Thumb Code   164  stm32f4xx_hal_tim.o(i.HAL_TIM_Encoder_Init)
    HAL_TIM_Encoder_MspInit                  0x0800346d   Thumb Code   150  tim.o(i.HAL_TIM_Encoder_MspInit)
    HAL_TIM_Encoder_Start                    0x08003515   Thumb Code   142  stm32f4xx_hal_tim.o(i.HAL_TIM_Encoder_Start)
    HAL_TIM_MspPostInit                      0x080035a5   Thumb Code   104  tim.o(i.HAL_TIM_MspPostInit)
    HAL_TIM_PWM_ConfigChannel                0x0800361d   Thumb Code   204  stm32f4xx_hal_tim.o(i.HAL_TIM_PWM_ConfigChannel)
    HAL_TIM_PWM_Init                         0x080036e9   Thumb Code    90  stm32f4xx_hal_tim.o(i.HAL_TIM_PWM_Init)
    HAL_TIM_PWM_MspInit                      0x08003745   Thumb Code    30  tim.o(i.HAL_TIM_PWM_MspInit)
    HAL_TIM_PWM_Start                        0x0800376d   Thumb Code   172  stm32f4xx_hal_tim.o(i.HAL_TIM_PWM_Start)
    HAL_UARTEx_RxEventCallback               0x08003835   Thumb Code     2  stm32f4xx_hal_uart.o(i.HAL_UARTEx_RxEventCallback)
    HAL_UART_ErrorCallback                   0x08003837   Thumb Code     2  stm32f4xx_hal_uart.o(i.HAL_UART_ErrorCallback)
    HAL_UART_IRQHandler                      0x08003839   Thumb Code   636  stm32f4xx_hal_uart.o(i.HAL_UART_IRQHandler)
    HAL_UART_Init                            0x08003ab9   Thumb Code   100  stm32f4xx_hal_uart.o(i.HAL_UART_Init)
    HAL_UART_MspInit                         0x08003b1d   Thumb Code   354  usart.o(i.HAL_UART_MspInit)
    HAL_UART_Receive_DMA                     0x08003ca1   Thumb Code    28  stm32f4xx_hal_uart.o(i.HAL_UART_Receive_DMA)
    HAL_UART_Receive_IT                      0x08003cbd   Thumb Code    28  stm32f4xx_hal_uart.o(i.HAL_UART_Receive_IT)
    HAL_UART_RxCpltCallback                  0x08003cd9   Thumb Code   554  main.o(i.HAL_UART_RxCpltCallback)
    HAL_UART_RxHalfCpltCallback              0x08003f7d   Thumb Code     2  stm32f4xx_hal_uart.o(i.HAL_UART_RxHalfCpltCallback)
    HAL_UART_Transmit                        0x08003f7f   Thumb Code   160  stm32f4xx_hal_uart.o(i.HAL_UART_Transmit)
    HAL_UART_TxCpltCallback                  0x0800401f   Thumb Code     2  stm32f4xx_hal_uart.o(i.HAL_UART_TxCpltCallback)
    HandleAutoTurn                           0x08004021   Thumb Code   364  main.o(i.HandleAutoTurn)
    HardFault_Handler                        0x08004215   Thumb Code     2  stm32f4xx_it.o(i.HardFault_Handler)
    MPU6500_Calibrate                        0x08004655   Thumb Code   232  main.o(i.MPU6500_Calibrate)
    MPU6500_Init                             0x08004765   Thumb Code   216  main.o(i.MPU6500_Init)
    MPU6500_Read_All                         0x08004875   Thumb Code   110  main.o(i.MPU6500_Read_All)
    MX_ADC1_Init                             0x080048e9   Thumb Code    88  adc.o(i.MX_ADC1_Init)
    MX_DMA_Init                              0x0800494d   Thumb Code    88  dma.o(i.MX_DMA_Init)
    MX_GPIO_Init                             0x080049a9   Thumb Code   164  gpio.o(i.MX_GPIO_Init)
    MX_I2C1_Init                             0x08004a59   Thumb Code    50  i2c.o(i.MX_I2C1_Init)
    MX_TIM2_Init                             0x08004a99   Thumb Code    96  tim.o(i.MX_TIM2_Init)
    MX_TIM3_Init                             0x08004afd   Thumb Code   152  tim.o(i.MX_TIM3_Init)
    MX_TIM4_Init                             0x08004b9d   Thumb Code    96  tim.o(i.MX_TIM4_Init)
    MX_USART1_UART_Init                      0x08004c05   Thumb Code    48  usart.o(i.MX_USART1_UART_Init)
    MX_USART6_UART_Init                      0x08004c3d   Thumb Code    48  usart.o(i.MX_USART6_UART_Init)
    MemManage_Handler                        0x08004c75   Thumb Code     2  stm32f4xx_it.o(i.MemManage_Handler)
    NMI_Handler                              0x08004c77   Thumb Code     2  stm32f4xx_it.o(i.NMI_Handler)
    Odometry_GetPose                         0x08004cad   Thumb Code    26  odometry.o(i.Odometry_GetPose)
    Odometry_GetVelocity                     0x08004cc7   Thumb Code    18  odometry.o(i.Odometry_GetVelocity)
    Odometry_Init                            0x08004cd9   Thumb Code    36  odometry.o(i.Odometry_Init)
    Odometry_SetPose                         0x08004d05   Thumb Code     6  odometry.o(i.Odometry_SetPose)
    Odometry_Update                          0x08004d0d   Thumb Code   318  odometry.o(i.Odometry_Update)
    OutputAngleDataInOrder                   0x08004e69   Thumb Code    96  main.o(i.OutputAngleDataInOrder)
    PID_Update                               0x08004ef5   Thumb Code    90  main.o(i.PID_Update)
    PendSV_Handler                           0x08004f4f   Thumb Code     2  stm32f4xx_it.o(i.PendSV_Handler)
    PoseController_Enable                    0x08004f51   Thumb Code    22  pose_controller.o(i.PoseController_Enable)
    PoseController_Init                      0x08004f6d   Thumb Code    32  pose_controller.o(i.PoseController_Init)
    PoseController_IsReached                 0x08004f95   Thumb Code   114  pose_controller.o(i.PoseController_IsReached)
    PoseController_SetTarget                 0x0800500d   Thumb Code    28  pose_controller.o(i.PoseController_SetTarget)
    PoseController_Update                    0x0800502d   Thumb Code   650  pose_controller.o(i.PoseController_Update)
    PoseController_UpdateCurrent             0x080052ed   Thumb Code     6  pose_controller.o(i.PoseController_UpdateCurrent)
    ProcessLidarData                         0x080052f5   Thumb Code   258  main.o(i.ProcessLidarData)
    SVC_Handler                              0x08005445   Thumb Code     2  stm32f4xx_it.o(i.SVC_Handler)
    Safety_CheckWatchdog                     0x08005449   Thumb Code    32  safety.o(i.Safety_CheckWatchdog)
    Safety_EmergencyStop                     0x0800546d   Thumb Code    22  safety.o(i.Safety_EmergencyStop)
    Safety_FeedWatchdog                      0x08005489   Thumb Code    16  safety.o(i.Safety_FeedWatchdog)
    Safety_Init                              0x08005499   Thumb Code    18  safety.o(i.Safety_Init)
    Safety_LimitPWM                          0x080054b5   Thumb Code    44  safety.o(i.Safety_LimitPWM)
    Safety_Update                            0x080054e1   Thumb Code    24  safety.o(i.Safety_Update)
    SendConnectionNotification               0x080054f9   Thumb Code    38  main.o(i.SendConnectionNotification)
    SysTick_Handler                          0x08005529   Thumb Code     4  stm32f4xx_it.o(i.SysTick_Handler)
    SystemClock_Config                       0x0800552d   Thumb Code   150  main.o(i.SystemClock_Config)
    SystemInit                               0x080055cd   Thumb Code    12  system_stm32f4xx.o(i.SystemInit)
    TIM_Base_SetConfig                       0x080055dd   Thumb Code   164  stm32f4xx_hal_tim.o(i.TIM_Base_SetConfig)
    TIM_CCxChannelCmd                        0x080056ad   Thumb Code    26  stm32f4xx_hal_tim.o(i.TIM_CCxChannelCmd)
    TIM_OC2_SetConfig                        0x08005729   Thumb Code    98  stm32f4xx_hal_tim.o(i.TIM_OC2_SetConfig)
    UART_Start_Receive_DMA                   0x08005b81   Thumb Code   146  stm32f4xx_hal_uart.o(i.UART_Start_Receive_DMA)
    UART_Start_Receive_IT                    0x08005c21   Thumb Code    54  stm32f4xx_hal_uart.o(i.UART_Start_Receive_IT)
    USART1_IRQHandler                        0x08005cc9   Thumb Code     6  stm32f4xx_it.o(i.USART1_IRQHandler)
    UpdateSpeedRamp                          0x08005cd5   Thumb Code   102  main.o(i.UpdateSpeedRamp)
    UsageFault_Handler                       0x08005d41   Thumb Code     2  stm32f4xx_it.o(i.UsageFault_Handler)
    __ARM_fpclassify                         0x08005d43   Thumb Code    48  fpclassify.o(i.__ARM_fpclassify)
    __ARM_fpclassifyf                        0x08005d73   Thumb Code    38  fpclassifyf.o(i.__ARM_fpclassifyf)
    __hardfp_atan2f                          0x08005db9   Thumb Code   594  atan2f.o(i.__hardfp_atan2f)
    __hardfp_cosf                            0x08006065   Thumb Code   280  cosf.o(i.__hardfp_cosf)
    __hardfp_fmaxf                           0x080061b5   Thumb Code    72  fmaxf.o(i.__hardfp_fmaxf)
    __hardfp_fminf                           0x080061fd   Thumb Code    72  fminf.o(i.__hardfp_fminf)
    __hardfp_fmodf                           0x08006245   Thumb Code   176  fmodf.o(i.__hardfp_fmodf)
    __hardfp_sinf                            0x080062f5   Thumb Code   344  sinf.o(i.__hardfp_sinf)
    __hardfp_sqrtf                           0x08006485   Thumb Code    58  sqrtf.o(i.__hardfp_sqrtf)
    __mathlib_flt_infnan                     0x080064bf   Thumb Code     6  funder.o(i.__mathlib_flt_infnan)
    __mathlib_flt_infnan2                    0x080064c5   Thumb Code     6  funder.o(i.__mathlib_flt_infnan2)
    __mathlib_flt_invalid                    0x080064cd   Thumb Code    10  funder.o(i.__mathlib_flt_invalid)
    __mathlib_flt_underflow                  0x080064dd   Thumb Code    10  funder.o(i.__mathlib_flt_underflow)
    __mathlib_rredf2                         0x080064ed   Thumb Code   316  rredf.o(i.__mathlib_rredf2)
    _is_digit                                0x08006641   Thumb Code    14  __printf_wp.o(i._is_digit)
    main                                     0x08006651   Thumb Code  1974  main.o(i.main)
    _get_lc_numeric                          0x08006e79   Thumb Code    44  lc_numeric_c.o(locale$$code)
    __aeabi_d2f                              0x08006ea5   Thumb Code     0  d2f.o(x$fpl$d2f)
    _d2f                                     0x08006ea5   Thumb Code    98  d2f.o(x$fpl$d2f)
    __aeabi_ddiv                             0x08006f09   Thumb Code     0  ddiv.o(x$fpl$ddiv)
    _ddiv                                    0x08006f09   Thumb Code   552  ddiv.o(x$fpl$ddiv)
    __fpl_dnaninf                            0x080071b9   Thumb Code   156  dnaninf.o(x$fpl$dnaninf)
    __fpl_dretinf                            0x08007255   Thumb Code    12  dretinf.o(x$fpl$dretinf)
    __aeabi_f2d                              0x08007261   Thumb Code     0  f2d.o(x$fpl$f2d)
    _f2d                                     0x08007261   Thumb Code    86  f2d.o(x$fpl$f2d)
    __fcmp4                                  0x080072b9   Thumb Code    24  fcmp4.o(x$fpl$fcmp4)
    __ARM_fcmp4                              0x080072d1   Thumb Code     0  fcmp4.o(x$fpl$fcmp4)
    _fcmp4                                   0x080072d1   Thumb Code    58  fcmp4.o(x$fpl$fcmp4)
    __fpl_fcmp_Inf                           0x0800730b   Thumb Code    24  fcmpi.o(x$fpl$fcmpinf)
    __fpl_fnaninf                            0x08007323   Thumb Code   140  fnaninf.o(x$fpl$fnaninf)
    _fp_init                                 0x080073af   Thumb Code    10  fpinit.o(x$fpl$fpinit)
    __fplib_config_fpu_vfp                   0x080073b7   Thumb Code     0  fpinit.o(x$fpl$fpinit)
    __fplib_config_pureend_doubles           0x080073b7   Thumb Code     0  fpinit.o(x$fpl$fpinit)
    _frem                                    0x080073b9   Thumb Code   240  frem_clz.o(x$fpl$frem)
    __fpl_fretinf                            0x080074ad   Thumb Code    10  fretinf.o(x$fpl$fretinf)
    _printf_fp_dec                           0x080074b7   Thumb Code     4  printf1.o(x$fpl$printf1)
    __I$use$fp                               0x080074ba   Number         0  usenofp.o(x$fpl$usenofp)
    DEFAULT_ODOM_CONFIG                      0x080074bc   Data          16  odometry.o(.constdata)
    DEFAULT_POSE_CONFIG                      0x080074cc   Data          40  pose_controller.o(.constdata)
    DEFAULT_SAFETY_CONFIG                    0x080074f4   Data          20  safety.o(.constdata)
    AHBPrescTable                            0x08007510   Data          16  system_stm32f4xx.o(.constdata)
    APBPrescTable                            0x08007520   Data           8  system_stm32f4xx.o(.constdata)
    Region$$Table$$Base                      0x08007704   Number         0  anon$$obj.o(Region$$Table)
    Region$$Table$$Limit                     0x08007724   Number         0  anon$$obj.o(Region$$Table)
    bluetooth_rx_data                        0x20000000   Data           1  main.o(.data)
    target_direction                         0x20000001   Data           1  main.o(.data)
    current_direction                        0x20000002   Data           1  main.o(.data)
    bluetooth_connected                      0x20000003   Data           1  main.o(.data)
    connection_announced                     0x20000004   Data           1  main.o(.data)
    lidar_process_packet                     0x20000005   Data           1  main.o(.data)
    current_output_angle                     0x20000006   Data           1  main.o(.data)
    auto_turn_mode                           0x20000007   Data           1  main.o(.data)
    overshoot_count                          0x20000008   Data           1  main.o(.data)
    is_stationary                            0x20000009   Data           1  main.o(.data)
    accel_offset_x                           0x2000000a   Data           2  main.o(.data)
    accel_offset_y                           0x2000000c   Data           2  main.o(.data)
    accel_offset_z                           0x2000000e   Data           2  main.o(.data)
    gyro_offset_x                            0x20000010   Data           2  main.o(.data)
    gyro_offset_y                            0x20000012   Data           2  main.o(.data)
    gyro_offset_z                            0x20000014   Data           2  main.o(.data)
    accel_x                                  0x20000016   Data           2  main.o(.data)
    accel_y                                  0x20000018   Data           2  main.o(.data)
    accel_z                                  0x2000001a   Data           2  main.o(.data)
    gyro_x                                   0x2000001c   Data           2  main.o(.data)
    gyro_y                                   0x2000001e   Data           2  main.o(.data)
    gyro_z                                   0x20000020   Data           2  main.o(.data)
    temp                                     0x20000022   Data           2  main.o(.data)
    current_speed                            0x20000024   Data           4  main.o(.data)
    target_speed                             0x20000028   Data           4  main.o(.data)
    last_speed_update_time                   0x2000002c   Data           4  main.o(.data)
    last_encoder_time                        0x20000030   Data           4  main.o(.data)
    lastEncoderA                             0x20000034   Data           4  main.o(.data)
    lastEncoderB                             0x20000038   Data           4  main.o(.data)
    last_output_time                         0x2000003c   Data           4  main.o(.data)
    yaw                                      0x20000040   Data           4  main.o(.data)
    target_rpm                               0x20000044   Data           4  main.o(.data)
    pwm_left                                 0x20000048   Data           4  main.o(.data)
    pwm_right                                0x2000004c   Data           4  main.o(.data)
    start_yaw                                0x20000050   Data           4  main.o(.data)
    target_yaw                               0x20000054   Data           4  main.o(.data)
    prev_angle_diff                          0x20000058   Data           4  main.o(.data)
    gyro_z_bias                              0x2000005c   Data           4  main.o(.data)
    stationary_start_time                    0x20000060   Data           4  main.o(.data)
    roll                                     0x20000090   Data           4  main.o(.data)
    pitch                                    0x20000094   Data           4  main.o(.data)
    connection_msg                           0x20000098   Data          12  main.o(.data)
    pid_left                                 0x200000a4   Data          24  main.o(.data)
    pid_right                                0x200000bc   Data          24  main.o(.data)
    g_pose_config                            0x200000d4   Data          40  main.o(.data)
    g_odom_config                            0x200000fc   Data          16  main.o(.data)
    g_safety_config                          0x2000010c   Data          20  main.o(.data)
    uwTickFreq                               0x20000120   Data           1  stm32f4xx_hal.o(.data)
    uwTickPrio                               0x20000124   Data           4  stm32f4xx_hal.o(.data)
    uwTick                                   0x20000128   Data           4  stm32f4xx_hal.o(.data)
    SystemCoreClock                          0x2000012c   Data           4  system_stm32f4xx.o(.data)
    angle_cache                              0x20000130   Data        5760  main.o(.bss)
    g_safety_status                          0x200017b0   Data          16  main.o(.bss)
    uart_buf                                 0x200017c0   Data         256  main.o(.bss)
    lidar_dma_buffer                         0x200018c0   Data         256  main.o(.bss)
    g_pose_controller                        0x200019c0   Data          44  main.o(.bss)
    g_odometry                               0x200019ec   Data          32  main.o(.bss)
    g_comm_rx_buffer                         0x20001a0c   Data         144  main.o(.bss)
    hadc1                                    0x20001a9c   Data          72  adc.o(.bss)
    hi2c1                                    0x20001ae4   Data          84  i2c.o(.bss)
    htim2                                    0x20001b38   Data          72  tim.o(.bss)
    htim3                                    0x20001b80   Data          72  tim.o(.bss)
    htim4                                    0x20001bc8   Data          72  tim.o(.bss)
    huart1                                   0x20001c10   Data          72  usart.o(.bss)
    huart6                                   0x20001c58   Data          72  usart.o(.bss)
    hdma_usart1_rx                           0x20001ca0   Data          96  usart.o(.bss)
    hdma_usart1_tx                           0x20001d00   Data          96  usart.o(.bss)
    hdma_usart6_rx                           0x20001d60   Data          96  usart.o(.bss)
    hdma_usart6_tx                           0x20001dc0   Data          96  usart.o(.bss)
    __libspace_start                         0x20001e6c   Data          96  libspace.o(.bss)
    __temporary_stack_top$libspace           0x20001ecc   Data           0  libspace.o(.bss)



==============================================================================

Memory Map of the image

  Image Entry point : 0x080001c5

  Load Region LR_IROM1 (Base: 0x08000000, Size: 0x00007870, Max: 0x00080000, ABSOLUTE, COMPRESSED[0x000077a0])

    Execution Region ER_IROM1 (Exec base: 0x08000000, Load base: 0x08000000, Size: 0x00007740, Max: 0x00080000, ABSOLUTE)

    Exec Addr    Load Addr    Size         Type   Attr      Idx    E Section Name        Object

    0x08000000   0x08000000   0x000001c4   Data   RO            3    RESET               startup_stm32f446xx.o
    0x080001c4   0x080001c4   0x00000008   Code   RO         4413  * !!!main             c_w.l(__main.o)
    0x080001cc   0x080001cc   0x00000034   Code   RO         4761    !!!scatter          c_w.l(__scatter.o)
    0x08000200   0x08000200   0x0000005a   Code   RO         4759    !!dczerorl2         c_w.l(__dczerorl2.o)
    0x0800025a   0x0800025a   0x00000002   PAD
    0x0800025c   0x0800025c   0x0000001c   Code   RO         4763    !!handler_zi        c_w.l(__scatter_zi.o)
    0x08000278   0x08000278   0x00000000   Code   RO         4402    .ARM.Collect$$_printf_percent$$00000000  c_w.l(_printf_percent.o)
    0x08000278   0x08000278   0x00000006   Code   RO         4401    .ARM.Collect$$_printf_percent$$00000003  c_w.l(_printf_f.o)
    0x0800027e   0x0800027e   0x00000006   Code   RO         4399    .ARM.Collect$$_printf_percent$$00000009  c_w.l(_printf_d.o)
    0x08000284   0x08000284   0x00000006   Code   RO         4400    .ARM.Collect$$_printf_percent$$0000000A  c_w.l(_printf_u.o)
    0x0800028a   0x0800028a   0x00000006   Code   RO         4398    .ARM.Collect$$_printf_percent$$0000000C  c_w.l(_printf_x.o)
    0x08000290   0x08000290   0x00000004   Code   RO         4510    .ARM.Collect$$_printf_percent$$00000017  c_w.l(_printf_percent_end.o)
    0x08000294   0x08000294   0x00000002   Code   RO         4630    .ARM.Collect$$libinit$$00000000  c_w.l(libinit.o)
    0x08000296   0x08000296   0x00000004   Code   RO         4631    .ARM.Collect$$libinit$$00000001  c_w.l(libinit2.o)
    0x0800029a   0x0800029a   0x00000000   Code   RO         4634    .ARM.Collect$$libinit$$00000004  c_w.l(libinit2.o)
    0x0800029a   0x0800029a   0x00000000   Code   RO         4637    .ARM.Collect$$libinit$$0000000A  c_w.l(libinit2.o)
    0x0800029a   0x0800029a   0x00000000   Code   RO         4639    .ARM.Collect$$libinit$$0000000C  c_w.l(libinit2.o)
    0x0800029a   0x0800029a   0x00000000   Code   RO         4641    .ARM.Collect$$libinit$$0000000E  c_w.l(libinit2.o)
    0x0800029a   0x0800029a   0x00000006   Code   RO         4642    .ARM.Collect$$libinit$$0000000F  c_w.l(libinit2.o)
    0x080002a0   0x080002a0   0x00000000   Code   RO         4644    .ARM.Collect$$libinit$$00000011  c_w.l(libinit2.o)
    0x080002a0   0x080002a0   0x00000000   Code   RO         4646    .ARM.Collect$$libinit$$00000013  c_w.l(libinit2.o)
    0x080002a0   0x080002a0   0x00000000   Code   RO         4648    .ARM.Collect$$libinit$$00000015  c_w.l(libinit2.o)
    0x080002a0   0x080002a0   0x0000000a   Code   RO         4649    .ARM.Collect$$libinit$$00000016  c_w.l(libinit2.o)
    0x080002aa   0x080002aa   0x00000000   Code   RO         4650    .ARM.Collect$$libinit$$00000017  c_w.l(libinit2.o)
    0x080002aa   0x080002aa   0x00000000   Code   RO         4652    .ARM.Collect$$libinit$$00000019  c_w.l(libinit2.o)
    0x080002aa   0x080002aa   0x00000000   Code   RO         4654    .ARM.Collect$$libinit$$0000001B  c_w.l(libinit2.o)
    0x080002aa   0x080002aa   0x00000000   Code   RO         4656    .ARM.Collect$$libinit$$0000001D  c_w.l(libinit2.o)
    0x080002aa   0x080002aa   0x00000000   Code   RO         4658    .ARM.Collect$$libinit$$0000001F  c_w.l(libinit2.o)
    0x080002aa   0x080002aa   0x00000000   Code   RO         4660    .ARM.Collect$$libinit$$00000021  c_w.l(libinit2.o)
    0x080002aa   0x080002aa   0x00000000   Code   RO         4662    .ARM.Collect$$libinit$$00000023  c_w.l(libinit2.o)
    0x080002aa   0x080002aa   0x00000000   Code   RO         4664    .ARM.Collect$$libinit$$00000025  c_w.l(libinit2.o)
    0x080002aa   0x080002aa   0x00000000   Code   RO         4668    .ARM.Collect$$libinit$$0000002C  c_w.l(libinit2.o)
    0x080002aa   0x080002aa   0x00000000   Code   RO         4670    .ARM.Collect$$libinit$$0000002E  c_w.l(libinit2.o)
    0x080002aa   0x080002aa   0x00000000   Code   RO         4672    .ARM.Collect$$libinit$$00000030  c_w.l(libinit2.o)
    0x080002aa   0x080002aa   0x00000000   Code   RO         4674    .ARM.Collect$$libinit$$00000032  c_w.l(libinit2.o)
    0x080002aa   0x080002aa   0x00000002   Code   RO         4675    .ARM.Collect$$libinit$$00000033  c_w.l(libinit2.o)
    0x080002ac   0x080002ac   0x00000002   Code   RO         4722    .ARM.Collect$$libshutdown$$00000000  c_w.l(libshutdown.o)
    0x080002ae   0x080002ae   0x00000000   Code   RO         4740    .ARM.Collect$$libshutdown$$00000002  c_w.l(libshutdown2.o)
    0x080002ae   0x080002ae   0x00000000   Code   RO         4742    .ARM.Collect$$libshutdown$$00000004  c_w.l(libshutdown2.o)
    0x080002ae   0x080002ae   0x00000000   Code   RO         4744    .ARM.Collect$$libshutdown$$00000006  c_w.l(libshutdown2.o)
    0x080002ae   0x080002ae   0x00000000   Code   RO         4747    .ARM.Collect$$libshutdown$$00000009  c_w.l(libshutdown2.o)
    0x080002ae   0x080002ae   0x00000000   Code   RO         4750    .ARM.Collect$$libshutdown$$0000000C  c_w.l(libshutdown2.o)
    0x080002ae   0x080002ae   0x00000000   Code   RO         4752    .ARM.Collect$$libshutdown$$0000000E  c_w.l(libshutdown2.o)
    0x080002ae   0x080002ae   0x00000000   Code   RO         4755    .ARM.Collect$$libshutdown$$00000011  c_w.l(libshutdown2.o)
    0x080002ae   0x080002ae   0x00000002   Code   RO         4756    .ARM.Collect$$libshutdown$$00000012  c_w.l(libshutdown2.o)
    0x080002b0   0x080002b0   0x00000000   Code   RO         4493    .ARM.Collect$$rtentry$$00000000  c_w.l(__rtentry.o)
    0x080002b0   0x080002b0   0x00000000   Code   RO         4546    .ARM.Collect$$rtentry$$00000002  c_w.l(__rtentry2.o)
    0x080002b0   0x080002b0   0x00000006   Code   RO         4558    .ARM.Collect$$rtentry$$00000004  c_w.l(__rtentry4.o)
    0x080002b6   0x080002b6   0x00000000   Code   RO         4548    .ARM.Collect$$rtentry$$00000009  c_w.l(__rtentry2.o)
    0x080002b6   0x080002b6   0x00000004   Code   RO         4549    .ARM.Collect$$rtentry$$0000000A  c_w.l(__rtentry2.o)
    0x080002ba   0x080002ba   0x00000000   Code   RO         4551    .ARM.Collect$$rtentry$$0000000C  c_w.l(__rtentry2.o)
    0x080002ba   0x080002ba   0x00000008   Code   RO         4552    .ARM.Collect$$rtentry$$0000000D  c_w.l(__rtentry2.o)
    0x080002c2   0x080002c2   0x00000002   Code   RO         4676    .ARM.Collect$$rtexit$$00000000  c_w.l(rtexit.o)
    0x080002c4   0x080002c4   0x00000000   Code   RO         4691    .ARM.Collect$$rtexit$$00000002  c_w.l(rtexit2.o)
    0x080002c4   0x080002c4   0x00000004   Code   RO         4692    .ARM.Collect$$rtexit$$00000003  c_w.l(rtexit2.o)
    0x080002c8   0x080002c8   0x00000006   Code   RO         4693    .ARM.Collect$$rtexit$$00000004  c_w.l(rtexit2.o)
    0x080002ce   0x080002ce   0x00000002   PAD
    0x080002d0   0x080002d0   0x00000040   Code   RO            4    .text               startup_stm32f446xx.o
    0x08000310   0x08000310   0x000000ee   Code   RO         4345    .text               c_w.l(lludivv7m.o)
    0x080003fe   0x080003fe   0x00000002   PAD
    0x08000400   0x08000400   0x00000038   Code   RO         4347    .text               c_w.l(__2snprintf.o)
    0x08000438   0x08000438   0x0000004e   Code   RO         4353    .text               c_w.l(_printf_pad.o)
    0x08000486   0x08000486   0x00000002   PAD
    0x08000488   0x08000488   0x00000078   Code   RO         4355    .text               c_w.l(_printf_dec.o)
    0x08000500   0x08000500   0x00000058   Code   RO         4360    .text               c_w.l(_printf_hex_int.o)
    0x08000558   0x08000558   0x00000188   Code   RO         4395    .text               c_w.l(__printf_flags_ss_wp.o)
    0x080006e0   0x080006e0   0x0000003e   Code   RO         4403    .text               c_w.l(strlen.o)
    0x0800071e   0x0800071e   0x0000008a   Code   RO         4405    .text               c_w.l(rt_memcpy_v6.o)
    0x080007a8   0x080007a8   0x00000064   Code   RO         4407    .text               c_w.l(rt_memcpy_w.o)
    0x0800080c   0x0800080c   0x0000004e   Code   RO         4409    .text               c_w.l(rt_memclr_w.o)
    0x0800085a   0x0800085a   0x00000006   Code   RO         4411    .text               c_w.l(heapauxi.o)
    0x08000860   0x08000860   0x00000016   Code   RO         4498    .text               c_w.l(_rserrno.o)
    0x08000876   0x08000876   0x000000b2   Code   RO         4500    .text               c_w.l(_printf_intcommon.o)
    0x08000928   0x08000928   0x0000041e   Code   RO         4502    .text               c_w.l(_printf_fp_dec.o)
    0x08000d46   0x08000d46   0x00000002   PAD
    0x08000d48   0x08000d48   0x00000030   Code   RO         4504    .text               c_w.l(_printf_char_common.o)
    0x08000d78   0x08000d78   0x0000000a   Code   RO         4506    .text               c_w.l(_sputc.o)
    0x08000d82   0x08000d82   0x00000010   Code   RO         4508    .text               c_w.l(_snputc.o)
    0x08000d92   0x08000d92   0x00000002   PAD
    0x08000d94   0x08000d94   0x00000008   Code   RO         4565    .text               c_w.l(rt_locale_intlibspace.o)
    0x08000d9c   0x08000d9c   0x00000008   Code   RO         4570    .text               c_w.l(rt_errno_addr_intlibspace.o)
    0x08000da4   0x08000da4   0x0000008a   Code   RO         4572    .text               c_w.l(lludiv10.o)
    0x08000e2e   0x08000e2e   0x00000002   PAD
    0x08000e30   0x08000e30   0x00000080   Code   RO         4574    .text               c_w.l(_printf_fp_infnan.o)
    0x08000eb0   0x08000eb0   0x000000e4   Code   RO         4578    .text               c_w.l(bigflt0.o)
    0x08000f94   0x08000f94   0x00000008   Code   RO         4612    .text               c_w.l(libspace.o)
    0x08000f9c   0x08000f9c   0x0000004a   Code   RO         4615    .text               c_w.l(sys_stackheap_outer.o)
    0x08000fe6   0x08000fe6   0x00000012   Code   RO         4617    .text               c_w.l(exit.o)
    0x08000ff8   0x08000ff8   0x00000080   Code   RO         4623    .text               c_w.l(strcmpv7m.o)
    0x08001078   0x08001078   0x0000000c   Code   RO         4688    .text               c_w.l(sys_exit.o)
    0x08001084   0x08001084   0x00000002   Code   RO         4709    .text               c_w.l(use_no_semi.o)
    0x08001086   0x08001086   0x00000000   Code   RO         4711    .text               c_w.l(indicate_semi.o)
    0x08001086   0x08001086   0x0000003e   Code   RO         4581    CL$$btod_d2e        c_w.l(btod.o)
    0x080010c4   0x080010c4   0x00000046   Code   RO         4583    CL$$btod_d2e_denorm_low  c_w.l(btod.o)
    0x0800110a   0x0800110a   0x00000060   Code   RO         4582    CL$$btod_d2e_norm_op1  c_w.l(btod.o)
    0x0800116a   0x0800116a   0x00000338   Code   RO         4591    CL$$btod_div_common  c_w.l(btod.o)
    0x080014a2   0x080014a2   0x000000dc   Code   RO         4588    CL$$btod_e2e        c_w.l(btod.o)
    0x0800157e   0x0800157e   0x0000002a   Code   RO         4585    CL$$btod_ediv       c_w.l(btod.o)
    0x080015a8   0x080015a8   0x0000002a   Code   RO         4584    CL$$btod_emul       c_w.l(btod.o)
    0x080015d2   0x080015d2   0x00000244   Code   RO         4590    CL$$btod_mult_common  c_w.l(btod.o)
    0x08001816   0x08001816   0x00000002   PAD
    0x08001818   0x08001818   0x00000128   Code   RO          978    i.ADC_Init          stm32f4xx_hal_adc.o
    0x08001940   0x08001940   0x00000002   Code   RO          565    i.BusFault_Handler  stm32f4xx_it.o
    0x08001942   0x08001942   0x00000002   PAD
    0x08001944   0x08001944   0x00000034   Code   RO           13    i.CalculateAngleDifference  main.o
    0x08001978   0x08001978   0x000001b8   Code   RO           14    i.Calculate_Angles  main.o
    0x08001b30   0x08001b30   0x00000020   Code   RO          826    i.Clamp             pose_controller.o
    0x08001b50   0x08001b50   0x00000040   Code   RO          695    i.Comm_BuildPacket  comm_protocol.o
    0x08001b90   0x08001b90   0x0000003c   Code   RO          696    i.Comm_CRC16        comm_protocol.o
    0x08001bcc   0x08001bcc   0x00000010   Code   RO          697    i.Comm_InitRxBuffer  comm_protocol.o
    0x08001bdc   0x08001bdc   0x000000f4   Code   RO          698    i.Comm_ProcessByte  comm_protocol.o
    0x08001cd0   0x08001cd0   0x00000024   Code   RO          699    i.Comm_SendAck      comm_protocol.o
    0x08001cf4   0x08001cf4   0x00000024   Code   RO          700    i.Comm_SendImuData  comm_protocol.o
    0x08001d18   0x08001d18   0x00000024   Code   RO          702    i.Comm_SendOdometry  comm_protocol.o
    0x08001d3c   0x08001d3c   0x000000bc   Code   RO           15    i.ControlMotor      main.o
    0x08001df8   0x08001df8   0x0000000c   Code   RO          566    i.DMA2_Stream1_IRQHandler  stm32f4xx_it.o
    0x08001e04   0x08001e04   0x0000000c   Code   RO          567    i.DMA2_Stream2_IRQHandler  stm32f4xx_it.o
    0x08001e10   0x08001e10   0x0000000c   Code   RO          568    i.DMA2_Stream6_IRQHandler  stm32f4xx_it.o
    0x08001e1c   0x08001e1c   0x0000000c   Code   RO          569    i.DMA2_Stream7_IRQHandler  stm32f4xx_it.o
    0x08001e28   0x08001e28   0x00000028   Code   RO         1796    i.DMA_CalcBaseAndBitshift  stm32f4xx_hal_dma.o
    0x08001e50   0x08001e50   0x00000054   Code   RO         1797    i.DMA_CheckFifoParam  stm32f4xx_hal_dma.o
    0x08001ea4   0x08001ea4   0x00000028   Code   RO         1798    i.DMA_SetConfig     stm32f4xx_hal_dma.o
    0x08001ecc   0x08001ecc   0x00000002   Code   RO          570    i.DebugMon_Handler  stm32f4xx_it.o
    0x08001ece   0x08001ece   0x00000004   Code   RO           16    i.Error_Handler     main.o
    0x08001ed2   0x08001ed2   0x00000002   PAD
    0x08001ed4   0x08001ed4   0x00000164   Code   RO          980    i.HAL_ADC_ConfigChannel  stm32f4xx_hal_adc.o
    0x08002038   0x08002038   0x00000054   Code   RO          989    i.HAL_ADC_Init      stm32f4xx_hal_adc.o
    0x0800208c   0x0800208c   0x00000060   Code   RO          338    i.HAL_ADC_MspInit   adc.o
    0x080020ec   0x080020ec   0x00000092   Code   RO         1799    i.HAL_DMA_Abort     stm32f4xx_hal_dma.o
    0x0800217e   0x0800217e   0x00000024   Code   RO         1800    i.HAL_DMA_Abort_IT  stm32f4xx_hal_dma.o
    0x080021a2   0x080021a2   0x00000002   PAD
    0x080021a4   0x080021a4   0x000001a0   Code   RO         1804    i.HAL_DMA_IRQHandler  stm32f4xx_hal_dma.o
    0x08002344   0x08002344   0x000000d4   Code   RO         1805    i.HAL_DMA_Init      stm32f4xx_hal_dma.o
    0x08002418   0x08002418   0x0000006e   Code   RO         1809    i.HAL_DMA_Start_IT  stm32f4xx_hal_dma.o
    0x08002486   0x08002486   0x00000002   PAD
    0x08002488   0x08002488   0x00000024   Code   RO         2254    i.HAL_Delay         stm32f4xx_hal.o
    0x080024ac   0x080024ac   0x000001dc   Code   RO         1692    i.HAL_GPIO_Init     stm32f4xx_hal_gpio.o
    0x08002688   0x08002688   0x0000000a   Code   RO         1696    i.HAL_GPIO_WritePin  stm32f4xx_hal_gpio.o
    0x08002692   0x08002692   0x00000002   PAD
    0x08002694   0x08002694   0x0000000c   Code   RO         2260    i.HAL_GetTick       stm32f4xx_hal.o
    0x080026a0   0x080026a0   0x00000188   Code   RO         2516    i.HAL_I2C_Init      stm32f4xx_hal_i2c.o
    0x08002828   0x08002828   0x00000204   Code   RO         2534    i.HAL_I2C_Mem_Read  stm32f4xx_hal_i2c.o
    0x08002a2c   0x08002a2c   0x00000130   Code   RO         2537    i.HAL_I2C_Mem_Write  stm32f4xx_hal_i2c.o
    0x08002b5c   0x08002b5c   0x0000006c   Code   RO          404    i.HAL_I2C_MspInit   i2c.o
    0x08002bc8   0x08002bc8   0x00000010   Code   RO         2266    i.HAL_IncTick       stm32f4xx_hal.o
    0x08002bd8   0x08002bd8   0x00000034   Code   RO         2267    i.HAL_Init          stm32f4xx_hal.o
    0x08002c0c   0x08002c0c   0x00000040   Code   RO         2268    i.HAL_InitTick      stm32f4xx_hal.o
    0x08002c4c   0x08002c4c   0x00000034   Code   RO          671    i.HAL_MspInit       stm32f4xx_hal_msp.o
    0x08002c80   0x08002c80   0x0000001a   Code   RO         2102    i.HAL_NVIC_EnableIRQ  stm32f4xx_hal_cortex.o
    0x08002c9a   0x08002c9a   0x00000002   PAD
    0x08002c9c   0x08002c9c   0x00000040   Code   RO         2108    i.HAL_NVIC_SetPriority  stm32f4xx_hal_cortex.o
    0x08002cdc   0x08002cdc   0x00000024   Code   RO         2109    i.HAL_NVIC_SetPriorityGrouping  stm32f4xx_hal_cortex.o
    0x08002d00   0x08002d00   0x00000070   Code   RO         2028    i.HAL_PWREx_EnableOverDrive  stm32f4xx_hal_pwr_ex.o
    0x08002d70   0x08002d70   0x00000134   Code   RO         1254    i.HAL_RCC_ClockConfig  stm32f4xx_hal_rcc.o
    0x08002ea4   0x08002ea4   0x00000020   Code   RO         1261    i.HAL_RCC_GetPCLK1Freq  stm32f4xx_hal_rcc.o
    0x08002ec4   0x08002ec4   0x00000020   Code   RO         1262    i.HAL_RCC_GetPCLK2Freq  stm32f4xx_hal_rcc.o
    0x08002ee4   0x08002ee4   0x00000094   Code   RO         1365    i.HAL_RCC_GetSysClockFreq  stm32f4xx_hal_rcc_ex.o
    0x08002f78   0x08002f78   0x00000398   Code   RO         1366    i.HAL_RCC_OscConfig  stm32f4xx_hal_rcc_ex.o
    0x08003310   0x08003310   0x00000028   Code   RO         2113    i.HAL_SYSTICK_Config  stm32f4xx_hal_cortex.o
    0x08003338   0x08003338   0x00000090   Code   RO         3697    i.HAL_TIMEx_MasterConfigSynchronization  stm32f4xx_hal_tim_ex.o
    0x080033c8   0x080033c8   0x000000a4   Code   RO         2995    i.HAL_TIM_Encoder_Init  stm32f4xx_hal_tim.o
    0x0800346c   0x0800346c   0x000000a8   Code   RO          446    i.HAL_TIM_Encoder_MspInit  tim.o
    0x08003514   0x08003514   0x0000008e   Code   RO         2998    i.HAL_TIM_Encoder_Start  stm32f4xx_hal_tim.o
    0x080035a2   0x080035a2   0x00000002   PAD
    0x080035a4   0x080035a4   0x00000078   Code   RO          447    i.HAL_TIM_MspPostInit  tim.o
    0x0800361c   0x0800361c   0x000000cc   Code   RO         3046    i.HAL_TIM_PWM_ConfigChannel  stm32f4xx_hal_tim.o
    0x080036e8   0x080036e8   0x0000005a   Code   RO         3049    i.HAL_TIM_PWM_Init  stm32f4xx_hal_tim.o
    0x08003742   0x08003742   0x00000002   PAD
    0x08003744   0x08003744   0x00000028   Code   RO          449    i.HAL_TIM_PWM_MspInit  tim.o
    0x0800376c   0x0800376c   0x000000c8   Code   RO         3054    i.HAL_TIM_PWM_Start  stm32f4xx_hal_tim.o
    0x08003834   0x08003834   0x00000002   Code   RO         3957    i.HAL_UARTEx_RxEventCallback  stm32f4xx_hal_uart.o
    0x08003836   0x08003836   0x00000002   Code   RO         3971    i.HAL_UART_ErrorCallback  stm32f4xx_hal_uart.o
    0x08003838   0x08003838   0x00000280   Code   RO         3974    i.HAL_UART_IRQHandler  stm32f4xx_hal_uart.o
    0x08003ab8   0x08003ab8   0x00000064   Code   RO         3975    i.HAL_UART_Init     stm32f4xx_hal_uart.o
    0x08003b1c   0x08003b1c   0x00000184   Code   RO          518    i.HAL_UART_MspInit  usart.o
    0x08003ca0   0x08003ca0   0x0000001c   Code   RO         3979    i.HAL_UART_Receive_DMA  stm32f4xx_hal_uart.o
    0x08003cbc   0x08003cbc   0x0000001c   Code   RO         3980    i.HAL_UART_Receive_IT  stm32f4xx_hal_uart.o
    0x08003cd8   0x08003cd8   0x000002a4   Code   RO           17    i.HAL_UART_RxCpltCallback  main.o
    0x08003f7c   0x08003f7c   0x00000002   Code   RO         3982    i.HAL_UART_RxHalfCpltCallback  stm32f4xx_hal_uart.o
    0x08003f7e   0x08003f7e   0x000000a0   Code   RO         3983    i.HAL_UART_Transmit  stm32f4xx_hal_uart.o
    0x0800401e   0x0800401e   0x00000002   Code   RO         3986    i.HAL_UART_TxCpltCallback  stm32f4xx_hal_uart.o
    0x08004020   0x08004020   0x000001f4   Code   RO           18    i.HandleAutoTurn    main.o
    0x08004214   0x08004214   0x00000002   Code   RO          571    i.HardFault_Handler  stm32f4xx_it.o
    0x08004216   0x08004216   0x0000002e   Code   RO         2559    i.I2C_IsAcknowledgeFailed  stm32f4xx_hal_i2c.o
    0x08004244   0x08004244   0x000000fc   Code   RO         2569    i.I2C_RequestMemoryRead  stm32f4xx_hal_i2c.o
    0x08004340   0x08004340   0x000000a8   Code   RO         2570    i.I2C_RequestMemoryWrite  stm32f4xx_hal_i2c.o
    0x080043e8   0x080043e8   0x00000056   Code   RO         2574    i.I2C_WaitOnBTFFlagUntilTimeout  stm32f4xx_hal_i2c.o
    0x0800443e   0x0800443e   0x00000002   PAD
    0x08004440   0x08004440   0x00000090   Code   RO         2575    i.I2C_WaitOnFlagUntilTimeout  stm32f4xx_hal_i2c.o
    0x080044d0   0x080044d0   0x000000bc   Code   RO         2576    i.I2C_WaitOnMasterAddressFlagUntilTimeout  stm32f4xx_hal_i2c.o
    0x0800458c   0x0800458c   0x00000070   Code   RO         2577    i.I2C_WaitOnRXNEFlagUntilTimeout  stm32f4xx_hal_i2c.o
    0x080045fc   0x080045fc   0x00000056   Code   RO         2578    i.I2C_WaitOnTXEFlagUntilTimeout  stm32f4xx_hal_i2c.o
    0x08004652   0x08004652   0x00000002   PAD
    0x08004654   0x08004654   0x00000110   Code   RO           19    i.MPU6500_Calibrate  main.o
    0x08004764   0x08004764   0x00000110   Code   RO           20    i.MPU6500_Init      main.o
    0x08004874   0x08004874   0x00000074   Code   RO           21    i.MPU6500_Read_All  main.o
    0x080048e8   0x080048e8   0x00000064   Code   RO          339    i.MX_ADC1_Init      adc.o
    0x0800494c   0x0800494c   0x0000005c   Code   RO          379    i.MX_DMA_Init       dma.o
    0x080049a8   0x080049a8   0x000000b0   Code   RO          313    i.MX_GPIO_Init      gpio.o
    0x08004a58   0x08004a58   0x00000040   Code   RO          405    i.MX_I2C1_Init      i2c.o
    0x08004a98   0x08004a98   0x00000064   Code   RO          450    i.MX_TIM2_Init      tim.o
    0x08004afc   0x08004afc   0x000000a0   Code   RO          451    i.MX_TIM3_Init      tim.o
    0x08004b9c   0x08004b9c   0x00000068   Code   RO          452    i.MX_TIM4_Init      tim.o
    0x08004c04   0x08004c04   0x00000038   Code   RO          519    i.MX_USART1_UART_Init  usart.o
    0x08004c3c   0x08004c3c   0x00000038   Code   RO          520    i.MX_USART6_UART_Init  usart.o
    0x08004c74   0x08004c74   0x00000002   Code   RO          572    i.MemManage_Handler  stm32f4xx_it.o
    0x08004c76   0x08004c76   0x00000002   Code   RO          573    i.NMI_Handler       stm32f4xx_it.o
    0x08004c78   0x08004c78   0x00000034   Code   RO          827    i.NormalizeAngle    pose_controller.o
    0x08004cac   0x08004cac   0x0000001a   Code   RO          761    i.Odometry_GetPose  odometry.o
    0x08004cc6   0x08004cc6   0x00000012   Code   RO          762    i.Odometry_GetVelocity  odometry.o
    0x08004cd8   0x08004cd8   0x0000002c   Code   RO          763    i.Odometry_Init     odometry.o
    0x08004d04   0x08004d04   0x00000006   Code   RO          765    i.Odometry_SetPose  odometry.o
    0x08004d0a   0x08004d0a   0x00000002   PAD
    0x08004d0c   0x08004d0c   0x0000015c   Code   RO          766    i.Odometry_Update   odometry.o
    0x08004e68   0x08004e68   0x0000008c   Code   RO           22    i.OutputAngleDataInOrder  main.o
    0x08004ef4   0x08004ef4   0x0000005a   Code   RO           23    i.PID_Update        main.o
    0x08004f4e   0x08004f4e   0x00000002   Code   RO          574    i.PendSV_Handler    stm32f4xx_it.o
    0x08004f50   0x08004f50   0x0000001c   Code   RO          828    i.PoseController_Enable  pose_controller.o
    0x08004f6c   0x08004f6c   0x00000028   Code   RO          829    i.PoseController_Init  pose_controller.o
    0x08004f94   0x08004f94   0x00000078   Code   RO          830    i.PoseController_IsReached  pose_controller.o
    0x0800500c   0x0800500c   0x00000020   Code   RO          832    i.PoseController_SetTarget  pose_controller.o
    0x0800502c   0x0800502c   0x000002c0   Code   RO          833    i.PoseController_Update  pose_controller.o
    0x080052ec   0x080052ec   0x00000006   Code   RO          834    i.PoseController_UpdateCurrent  pose_controller.o
    0x080052f2   0x080052f2   0x00000002   PAD
    0x080052f4   0x080052f4   0x00000150   Code   RO           24    i.ProcessLidarData  main.o
    0x08005444   0x08005444   0x00000002   Code   RO          575    i.SVC_Handler       stm32f4xx_it.o
    0x08005446   0x08005446   0x00000002   PAD
    0x08005448   0x08005448   0x00000024   Code   RO          904    i.Safety_CheckWatchdog  safety.o
    0x0800546c   0x0800546c   0x0000001c   Code   RO          905    i.Safety_EmergencyStop  safety.o
    0x08005488   0x08005488   0x00000010   Code   RO          906    i.Safety_FeedWatchdog  safety.o
    0x08005498   0x08005498   0x0000001c   Code   RO          907    i.Safety_Init       safety.o
    0x080054b4   0x080054b4   0x0000002c   Code   RO          908    i.Safety_LimitPWM   safety.o
    0x080054e0   0x080054e0   0x00000018   Code   RO          910    i.Safety_Update     safety.o
    0x080054f8   0x080054f8   0x00000030   Code   RO           25    i.SendConnectionNotification  main.o
    0x08005528   0x08005528   0x00000004   Code   RO          576    i.SysTick_Handler   stm32f4xx_it.o
    0x0800552c   0x0800552c   0x000000a0   Code   RO           28    i.SystemClock_Config  main.o
    0x080055cc   0x080055cc   0x00000010   Code   RO         4309    i.SystemInit        system_stm32f4xx.o
    0x080055dc   0x080055dc   0x000000d0   Code   RO         3067    i.TIM_Base_SetConfig  stm32f4xx_hal_tim.o
    0x080056ac   0x080056ac   0x0000001a   Code   RO         3068    i.TIM_CCxChannelCmd  stm32f4xx_hal_tim.o
    0x080056c6   0x080056c6   0x00000002   PAD
    0x080056c8   0x080056c8   0x00000060   Code   RO         3080    i.TIM_OC1_SetConfig  stm32f4xx_hal_tim.o
    0x08005728   0x08005728   0x0000006c   Code   RO         3081    i.TIM_OC2_SetConfig  stm32f4xx_hal_tim.o
    0x08005794   0x08005794   0x00000068   Code   RO         3082    i.TIM_OC3_SetConfig  stm32f4xx_hal_tim.o
    0x080057fc   0x080057fc   0x00000050   Code   RO         3083    i.TIM_OC4_SetConfig  stm32f4xx_hal_tim.o
    0x0800584c   0x0800584c   0x0000000e   Code   RO         3988    i.UART_DMAAbortOnError  stm32f4xx_hal_uart.o
    0x0800585a   0x0800585a   0x0000004a   Code   RO         3989    i.UART_DMAError     stm32f4xx_hal_uart.o
    0x080058a4   0x080058a4   0x00000086   Code   RO         3990    i.UART_DMAReceiveCplt  stm32f4xx_hal_uart.o
    0x0800592a   0x0800592a   0x0000001e   Code   RO         3992    i.UART_DMARxHalfCplt  stm32f4xx_hal_uart.o
    0x08005948   0x08005948   0x0000004e   Code   RO         3998    i.UART_EndRxTransfer  stm32f4xx_hal_uart.o
    0x08005996   0x08005996   0x0000001c   Code   RO         3999    i.UART_EndTxTransfer  stm32f4xx_hal_uart.o
    0x080059b2   0x080059b2   0x000000c2   Code   RO         4000    i.UART_Receive_IT   stm32f4xx_hal_uart.o
    0x08005a74   0x08005a74   0x0000010c   Code   RO         4001    i.UART_SetConfig    stm32f4xx_hal_uart.o
    0x08005b80   0x08005b80   0x000000a0   Code   RO         4002    i.UART_Start_Receive_DMA  stm32f4xx_hal_uart.o
    0x08005c20   0x08005c20   0x00000036   Code   RO         4003    i.UART_Start_Receive_IT  stm32f4xx_hal_uart.o
    0x08005c56   0x08005c56   0x00000072   Code   RO         4004    i.UART_WaitOnFlagUntilTimeout  stm32f4xx_hal_uart.o
    0x08005cc8   0x08005cc8   0x0000000c   Code   RO          577    i.USART1_IRQHandler  stm32f4xx_it.o
    0x08005cd4   0x08005cd4   0x0000006c   Code   RO           29    i.UpdateSpeedRamp   main.o
    0x08005d40   0x08005d40   0x00000002   Code   RO          578    i.UsageFault_Handler  stm32f4xx_it.o
    0x08005d42   0x08005d42   0x00000030   Code   RO         4610    i.__ARM_fpclassify  m_wm.l(fpclassify.o)
    0x08005d72   0x08005d72   0x00000026   Code   RO         4526    i.__ARM_fpclassifyf  m_wm.l(fpclassifyf.o)
    0x08005d98   0x08005d98   0x00000020   Code   RO         2115    i.__NVIC_SetPriority  stm32f4xx_hal_cortex.o
    0x08005db8   0x08005db8   0x000002ac   Code   RO         4425    i.__hardfp_atan2f   m_wm.l(atan2f.o)
    0x08006064   0x08006064   0x00000150   Code   RO         4437    i.__hardfp_cosf     m_wm.l(cosf.o)
    0x080061b4   0x080061b4   0x00000048   Code   RO         4485    i.__hardfp_fmaxf    m_wm.l(fmaxf.o)
    0x080061fc   0x080061fc   0x00000048   Code   RO         4489    i.__hardfp_fminf    m_wm.l(fminf.o)
    0x08006244   0x08006244   0x000000b0   Code   RO         4449    i.__hardfp_fmodf    m_wm.l(fmodf.o)
    0x080062f4   0x080062f4   0x00000190   Code   RO         4461    i.__hardfp_sinf     m_wm.l(sinf.o)
    0x08006484   0x08006484   0x0000003a   Code   RO         4473    i.__hardfp_sqrtf    m_wm.l(sqrtf.o)
    0x080064be   0x080064be   0x00000006   Code   RO         4529    i.__mathlib_flt_infnan  m_wm.l(funder.o)
    0x080064c4   0x080064c4   0x00000006   Code   RO         4530    i.__mathlib_flt_infnan2  m_wm.l(funder.o)
    0x080064ca   0x080064ca   0x00000002   PAD
    0x080064cc   0x080064cc   0x00000010   Code   RO         4531    i.__mathlib_flt_invalid  m_wm.l(funder.o)
    0x080064dc   0x080064dc   0x00000010   Code   RO         4534    i.__mathlib_flt_underflow  m_wm.l(funder.o)
    0x080064ec   0x080064ec   0x00000154   Code   RO         4542    i.__mathlib_rredf2  m_wm.l(rredf.o)
    0x08006640   0x08006640   0x0000000e   Code   RO         4388    i._is_digit         c_w.l(__printf_wp.o)
    0x0800664e   0x0800664e   0x00000002   PAD
    0x08006650   0x08006650   0x00000828   Code   RO           30    i.main              main.o
    0x08006e78   0x08006e78   0x0000002c   Code   RO         4604    locale$$code        c_w.l(lc_numeric_c.o)
    0x08006ea4   0x08006ea4   0x00000062   Code   RO         4415    x$fpl$d2f           fz_wm.l(d2f.o)
    0x08006f06   0x08006f06   0x00000002   PAD
    0x08006f08   0x08006f08   0x000002b0   Code   RO         4418    x$fpl$ddiv          fz_wm.l(ddiv.o)
    0x080071b8   0x080071b8   0x0000009c   Code   RO         4511    x$fpl$dnaninf       fz_wm.l(dnaninf.o)
    0x08007254   0x08007254   0x0000000c   Code   RO         4513    x$fpl$dretinf       fz_wm.l(dretinf.o)
    0x08007260   0x08007260   0x00000056   Code   RO         4421    x$fpl$f2d           fz_wm.l(f2d.o)
    0x080072b6   0x080072b6   0x00000002   PAD
    0x080072b8   0x080072b8   0x00000052   Code   RO         4515    x$fpl$fcmp4         fz_wm.l(fcmp4.o)
    0x0800730a   0x0800730a   0x00000018   Code   RO         4606    x$fpl$fcmpinf       fz_wm.l(fcmpi.o)
    0x08007322   0x08007322   0x0000008c   Code   RO         4519    x$fpl$fnaninf       fz_wm.l(fnaninf.o)
    0x080073ae   0x080073ae   0x0000000a   Code   RO         4686    x$fpl$fpinit        fz_wm.l(fpinit.o)
    0x080073b8   0x080073b8   0x000000f4   Code   RO         4521    x$fpl$frem          fz_wm.l(frem_clz.o)
    0x080074ac   0x080074ac   0x0000000a   Code   RO         4523    x$fpl$fretinf       fz_wm.l(fretinf.o)
    0x080074b6   0x080074b6   0x00000004   Code   RO         4423    x$fpl$printf1       fz_wm.l(printf1.o)
    0x080074ba   0x080074ba   0x00000000   Code   RO         4525    x$fpl$usenofp       fz_wm.l(usenofp.o)
    0x080074ba   0x080074ba   0x00000002   PAD
    0x080074bc   0x080074bc   0x00000010   Data   RO          768    .constdata          odometry.o
    0x080074cc   0x080074cc   0x00000028   Data   RO          836    .constdata          pose_controller.o
    0x080074f4   0x080074f4   0x00000014   Data   RO          912    .constdata          safety.o
    0x08007508   0x08007508   0x00000008   Data   RO         1811    .constdata          stm32f4xx_hal_dma.o
    0x08007510   0x08007510   0x00000010   Data   RO         4310    .constdata          system_stm32f4xx.o
    0x08007520   0x08007520   0x00000008   Data   RO         4311    .constdata          system_stm32f4xx.o
    0x08007528   0x08007528   0x00000028   Data   RO         4361    .constdata          c_w.l(_printf_hex_int.o)
    0x08007550   0x08007550   0x00000011   Data   RO         4396    .constdata          c_w.l(__printf_flags_ss_wp.o)
    0x08007561   0x08007561   0x00000003   PAD
    0x08007564   0x08007564   0x00000020   Data   RO         4543    .constdata          m_wm.l(rredf.o)
    0x08007584   0x08007584   0x00000094   Data   RO         4579    .constdata          c_w.l(bigflt0.o)
    0x08007618   0x08007618   0x000000eb   Data   RO           32    .conststring        main.o
    0x08007703   0x08007703   0x00000001   PAD
    0x08007704   0x08007704   0x00000020   Data   RO         4757    Region$$Table       anon$$obj.o
    0x08007724   0x08007724   0x0000001c   Data   RO         4603    locale$$data        c_w.l(lc_numeric_c.o)


    Execution Region RW_IRAM1 (Exec base: 0x20000000, Load base: 0x08007740, Size: 0x000024d0, Max: 0x00020000, ABSOLUTE, COMPRESSED[0x00000060])

    Exec Addr    Load Addr    Size         Type   Attr      Idx    E Section Name        Object

    0x20000000   COMPRESSED   0x00000120   Data   RW           33    .data               main.o
    0x20000120   COMPRESSED   0x0000000c   Data   RW         2274    .data               stm32f4xx_hal.o
    0x2000012c   COMPRESSED   0x00000004   Data   RW         4312    .data               system_stm32f4xx.o
    0x20000130        -       0x0000196c   Zero   RW           31    .bss                main.o
    0x20001a9c        -       0x00000048   Zero   RW          340    .bss                adc.o
    0x20001ae4        -       0x00000054   Zero   RW          406    .bss                i2c.o
    0x20001b38        -       0x000000d8   Zero   RW          453    .bss                tim.o
    0x20001c10        -       0x00000210   Zero   RW          521    .bss                usart.o
    0x20001e20        -       0x00000010   Zero   RW          767    .bss                odometry.o
    0x20001e30        -       0x00000028   Zero   RW          835    .bss                pose_controller.o
    0x20001e58        -       0x00000014   Zero   RW          911    .bss                safety.o
    0x20001e6c        -       0x00000060   Zero   RW         4613    .bss                c_w.l(libspace.o)
    0x20001ecc   COMPRESSED   0x00000004   PAD
    0x20001ed0        -       0x00000200   Zero   RW            2    HEAP                startup_stm32f446xx.o
    0x200020d0        -       0x00000400   Zero   RW            1    STACK               startup_stm32f446xx.o


==============================================================================

Image component sizes


      Code (inc. data)   RO Data    RW Data    ZI Data      Debug   Object Name

       196         24          0          0         72       1725   adc.o
       492          8          0          0          0       5897   comm_protocol.o
        92          4          0          0          0        810   dma.o
       176         12          0          0          0        991   gpio.o
       172         28          0          0         84       1701   i2c.o
      5490        930        235        288       6508     759391   main.o
       442         38         16          0         16       4853   odometry.o
      1014         90         40          0         40       7893   pose_controller.o
       176         20         20          0         20       4648   safety.o
        64         26        452          0       1536        840   startup_stm32f446xx.o
       180         28          0         12          0       9313   stm32f4xx_hal.o
       736         34          0          0          0       2907   stm32f4xx_hal_adc.o
       198         14          0          0          0      33855   stm32f4xx_hal_cortex.o
      1084         16          8          0          0       7402   stm32f4xx_hal_dma.o
       486         40          0          0          0       2204   stm32f4xx_hal_gpio.o
      2294         52          0          0          0      13270   stm32f4xx_hal_i2c.o
        52          4          0          0          0        878   stm32f4xx_hal_msp.o
       112         14          0          0          0       1300   stm32f4xx_hal_pwr_ex.o
       372         44          0          0          0       2938   stm32f4xx_hal_rcc.o
      1068         28          0          0          0       2834   stm32f4xx_hal_rcc_ex.o
      1422        108          0          0          0      10493   stm32f4xx_hal_tim.o
       144         28          0          0          0       1388   stm32f4xx_hal_tim_ex.o
      2112         28          0          0          0      16354   stm32f4xx_hal_uart.o
        80         30          0          0          0       6642   stm32f4xx_it.o
        16          4         24          4          0       1147   system_stm32f4xx.o
       692         64          0          0        216       4543   tim.o
       500         50          0          0        528       2835   usart.o

    ----------------------------------------------------------------------
     19890       1766        828        304       9020     909052   Object Totals
         0          0         32          0          0          0   (incl. Generated)
        28          0          1          0          0          0   (incl. Padding)

    ----------------------------------------------------------------------

      Code (inc. data)   RO Data    RW Data    ZI Data      Debug   Library Member Name

        56          6          0          0          0         88   __2snprintf.o
        90          0          0          0          0          0   __dczerorl2.o
         8          0          0          0          0         68   __main.o
       392          4         17          0          0         92   __printf_flags_ss_wp.o
        14          0          0          0          0         68   __printf_wp.o
         0          0          0          0          0          0   __rtentry.o
        12          0          0          0          0          0   __rtentry2.o
         6          0          0          0          0          0   __rtentry4.o
        52          8          0          0          0          0   __scatter.o
        28          0          0          0          0          0   __scatter_zi.o
        48          6          0          0          0         96   _printf_char_common.o
         6          0          0          0          0          0   _printf_d.o
       120         16          0          0          0         92   _printf_dec.o
         6          0          0          0          0          0   _printf_f.o
      1054          0          0          0          0        216   _printf_fp_dec.o
       128         16          0          0          0         84   _printf_fp_infnan.o
        88          4         40          0          0         88   _printf_hex_int.o
       178          0          0          0          0         88   _printf_intcommon.o
        78          0          0          0          0        108   _printf_pad.o
         0          0          0          0          0          0   _printf_percent.o
         4          0          0          0          0          0   _printf_percent_end.o
         6          0          0          0          0          0   _printf_u.o
         6          0          0          0          0          0   _printf_x.o
        22          0          0          0          0        100   _rserrno.o
        16          0          0          0          0         68   _snputc.o
        10          0          0          0          0         68   _sputc.o
       228          4        148          0          0         96   bigflt0.o
      1936        128          0          0          0        672   btod.o
        18          0          0          0          0         80   exit.o
         6          0          0          0          0        152   heapauxi.o
         0          0          0          0          0          0   indicate_semi.o
        44         10         28          0          0         76   lc_numeric_c.o
         2          0          0          0          0          0   libinit.o
        22          0          0          0          0          0   libinit2.o
         2          0          0          0          0          0   libshutdown.o
         2          0          0          0          0          0   libshutdown2.o
         8          4          0          0         96         68   libspace.o
       138          0          0          0          0         80   lludiv10.o
       238          0          0          0          0        100   lludivv7m.o
         8          4          0          0          0         68   rt_errno_addr_intlibspace.o
         8          4          0          0          0         68   rt_locale_intlibspace.o
        78          0          0          0          0         80   rt_memclr_w.o
       138          0          0          0          0         68   rt_memcpy_v6.o
       100          0          0          0          0         80   rt_memcpy_w.o
         2          0          0          0          0          0   rtexit.o
        10          0          0          0          0          0   rtexit2.o
       128          0          0          0          0         68   strcmpv7m.o
        62          0          0          0          0         76   strlen.o
        12          4          0          0          0         68   sys_exit.o
        74          0          0          0          0         80   sys_stackheap_outer.o
         2          0          0          0          0         68   use_no_semi.o
        98          4          0          0          0        140   d2f.o
       688        140          0          0          0        256   ddiv.o
       156          4          0          0          0        140   dnaninf.o
        12          0          0          0          0        116   dretinf.o
        86          4          0          0          0        132   f2d.o
        82          4          0          0          0        160   fcmp4.o
        24          0          0          0          0        116   fcmpi.o
       140          4          0          0          0        132   fnaninf.o
        10          0          0          0          0        116   fpinit.o
       244          8          0          0          0        132   frem_clz.o
        10          0          0          0          0        116   fretinf.o
         4          0          0          0          0        116   printf1.o
         0          0          0          0          0          0   usenofp.o
       684         90          0          0          0        208   atan2f.o
       336         56          0          0          0        136   cosf.o
        72          0          0          0          0        148   fmaxf.o
        72          0          0          0          0        148   fminf.o
       176          0          0          0          0        168   fmodf.o
        48          0          0          0          0        124   fpclassify.o
        38          0          0          0          0        116   fpclassifyf.o
        44         12          0          0          0        464   funder.o
       340         24         32          0          0        160   rredf.o
       400         56          0          0          0        212   sinf.o
        58          0          0          0          0        136   sqrtf.o

    ----------------------------------------------------------------------
      9542        624        268          0        100       7064   Library Totals
        26          0          3          0          4          0   (incl. Padding)

    ----------------------------------------------------------------------

      Code (inc. data)   RO Data    RW Data    ZI Data      Debug   Library Name

      5694        218        233          0         96       3372   c_w.l
      1554        168          0          0          0       1672   fz_wm.l
      2268        238         32          0          0       2020   m_wm.l

    ----------------------------------------------------------------------
      9542        624        268          0        100       7064   Library Totals

    ----------------------------------------------------------------------

==============================================================================


      Code (inc. data)   RO Data    RW Data    ZI Data      Debug   

     29432       2390       1096        304       9120     898644   Grand Totals
     29432       2390       1096         96       9120     898644   ELF Image Totals (compressed)
     29432       2390       1096         96          0          0   ROM Totals

==============================================================================

    Total RO  Size (Code + RO Data)                30528 (  29.81kB)
    Total RW  Size (RW Data + ZI Data)              9424 (   9.20kB)
    Total ROM Size (Code + RO Data + RW Data)      30624 (  29.91kB)

==============================================================================

